Archive member included because of file (symbol)

arch/arm/lib/lib.a(ashldi3.o)
                              drivers/mtd/nand/built-in.o (__aeabi_llsl)
arch/arm/lib/lib.a(ashrdi3.o)
                              drivers/mtd/nand/built-in.o (__aeabi_lasr)
arch/arm/lib/lib.a(lib1funcs.o)
                              arch/arm/cpu/arm926ejs/built-in.o (__aeabi_uidiv)
arch/arm/lib/lib.a(lshrdi3.o)
                              drivers/mtd/built-in.o (__aeabi_llsr)
arch/arm/lib/lib.a(div0.o)    arch/arm/lib/lib.a(lib1funcs.o) (__div0)

Discarded input sections

 .data          0x00000000        0x0 arch/arm/cpu/arm926ejs/start.o
 .bss           0x00000000        0x0 arch/arm/cpu/arm926ejs/start.o
 .text          0x00000000        0x0 arch/arm/cpu/arm926ejs/built-in.o
 .text.invalidate_dcache_all
                0x00000000        0x0 arch/arm/cpu/arm926ejs/built-in.o
 .text.invalidate_dcache_range
                0x00000000        0x0 arch/arm/cpu/arm926ejs/built-in.o
 .text.get_UCLK
                0x00000000        0x0 arch/arm/cpu/arm926ejs/built-in.o
 .text.udelay_masked
                0x00000000        0x0 arch/arm/cpu/arm926ejs/built-in.o
 .data          0x00000000        0x0 arch/arm/cpu/arm926ejs/built-in.o
 .bss           0x00000000        0x0 arch/arm/cpu/arm926ejs/built-in.o
 .text.armv7_boot_nonsec_default
                0x00000000        0x0 arch/arm/lib/built-in.o
 .text.invalidate_dcache_range
                0x00000000        0x0 arch/arm/lib/built-in.o
 .text.flush_dcache_range
                0x00000000        0x0 arch/arm/lib/built-in.o
 .text.flush_dcache_all
                0x00000000        0x0 arch/arm/lib/built-in.o
 .text.mmu_page_table_flush
                0x00000000        0x0 arch/arm/lib/built-in.o
 .text.mmu_set_region_dcache_behaviour
                0x00000000        0x0 arch/arm/lib/built-in.o
 .text.fdt_psci
                0x00000000        0x0 arch/arm/lib/built-in.o
 .data          0x00000000        0x0 arch/arm/lib/built-in.o
 .__secure_stack_end
                0x00000000        0x0 arch/arm/lib/built-in.o
 .__efi_runtime_rel_start
                0x00000000        0x0 arch/arm/lib/built-in.o
 .__secure_stack_start
                0x00000000        0x0 arch/arm/lib/built-in.o
 .__secure_start
                0x00000000        0x0 arch/arm/lib/built-in.o
 .__efi_runtime_stop
                0x00000000        0x0 arch/arm/lib/built-in.o
 .__efi_runtime_start
                0x00000000        0x0 arch/arm/lib/built-in.o
 .__efi_runtime_rel_stop
                0x00000000        0x0 arch/arm/lib/built-in.o
 .__secure_end  0x00000000        0x0 arch/arm/lib/built-in.o
 .bss           0x00000000        0x0 arch/arm/lib/built-in.o
 .text.board_early_init_f
                0x00000000        0x0 board/samsung/fs2416/built-in.o
 .data          0x00000000        0x0 board/samsung/fs2416/built-in.o
 .bss           0x00000000        0x0 board/samsung/fs2416/built-in.o
 .text          0x00000000        0x0 cmd/built-in.o
 .text.flush_dcache_all
                0x00000000        0x0 cmd/built-in.o
 .text.getenv_hex
                0x00000000        0x0 cmd/built-in.o
 .data          0x00000000        0x0 cmd/built-in.o
 .bss           0x00000000        0x0 cmd/built-in.o
 .text          0x00000000        0x0 common/built-in.o
 .text.hash_progressive_lookup_algo
                0x00000000        0x0 common/built-in.o
 .text.hash_lookup_algo
                0x00000000        0x0 common/built-in.o
 .text.hash_block
                0x00000000        0x0 common/built-in.o
 .text.hash_parse_string
                0x00000000        0x0 common/built-in.o
 .text.hash_finish_crc32
                0x00000000        0x0 common/built-in.o
 .text.hash_update_crc32
                0x00000000        0x0 common/built-in.o
 .text.hash_init_crc32
                0x00000000        0x0 common/built-in.o
 .text.indenter
                0x00000000        0x0 common/built-in.o
 .text.unset_local_var
                0x00000000        0x0 common/built-in.o
 .text.bootretry_dont_retry
                0x00000000        0x0 common/built-in.o
 .text.red_led_off
                0x00000000        0x0 common/built-in.o
 .text.green_led_on
                0x00000000        0x0 common/built-in.o
 .text.green_led_off
                0x00000000        0x0 common/built-in.o
 .text.yellow_led_on
                0x00000000        0x0 common/built-in.o
 .text.yellow_led_off
                0x00000000        0x0 common/built-in.o
 .text.blue_led_on
                0x00000000        0x0 common/built-in.o
 .text.blue_led_off
                0x00000000        0x0 common/built-in.o
 .text.arch_reserve_stacks
                0x00000000        0x0 common/built-in.o
 .text.board_flash_wp_on
                0x00000000        0x0 common/built-in.o
 .text.fixup_cpu
                0x00000000        0x0 common/built-in.o
 .text.env_flags_parse_varaccess_from_binflags
                0x00000000        0x0 common/built-in.o
[...]
Memory Configuration

Name             Origin             Length             Attributes
*default*        0x00000000         0xffffffff

Linker script and memory map

Address of section .text set to 0x31000000
                0x00000000                . = 0x0
                0x00000000                . = ALIGN (0x4)

.text           0x31000000    0x56518
 *(.__image_copy_start)
 .__image_copy_start
                0x31000000        0x0 arch/arm/lib/built-in.o
                0x31000000                __image_copy_start
 *(.vectors)
 .vectors       0x31000000      0x300 arch/arm/lib/built-in.o
                0x31000030                _not_used
                0x3100002c                _data_abort
                0x31000034                _irq
                0x31000040                IRQ_STACK_START_IN
                0x31000028                _prefetch_abort
                0x31000000                _start
                0x31000038                _fiq
                0x31000020                _undefined_instruction
                0x31000024                _software_interrupt
 arch/arm/cpu/arm926ejs/start.o(.text*)
 .text          0x31000300       0x58 arch/arm/cpu/arm926ejs/start.o
                0x31000300                reset
                0x31000314                c_runtime_cpu_setup
 *(.text*)
 .text.cleanup_before_linux
                0x31000358       0x24 arch/arm/cpu/arm926ejs/built-in.o
                0x31000358                cleanup_before_linux
 .text.flush_dcache_all
                0x3100037c       0x14 arch/arm/cpu/arm926ejs/built-in.o
                0x3100037c                flush_dcache_all
 .text.l2_cache_disable
                0x31000390        0x4 arch/arm/cpu/arm926ejs/built-in.o
                0x31000390                l2_cache_disable
 .text.flush_dcache_range
                0x31000394       0x38 arch/arm/cpu/arm926ejs/built-in.o
                0x31000394                flush_dcache_range
 .text.print_cpuinfo
                0x310003cc       0x80 arch/arm/cpu/arm926ejs/built-in.o
                0x310003cc                print_cpuinfo
 .text.get_PLLCLK
                0x3100044c       0x6c arch/arm/cpu/arm926ejs/built-in.o
 .text.get_FCLK
                0x310004b8        0x8 arch/arm/cpu/arm926ejs/built-in.o
                0x310004b8                get_FCLK
 .text.get_HCLK
                0x310004c0       0x2c arch/arm/cpu/arm926ejs/built-in.o
                0x310004c0                get_HCLK
 .text.get_PCLK
                0x310004ec       0x2c arch/arm/cpu/arm926ejs/built-in.o
                0x310004ec                get_PCLK
 .text.get_ticks
                0x31000518       0x68 arch/arm/cpu/arm926ejs/built-in.o
                0x31000518                get_ticks
 .text.get_timer_masked
                0x31000580       0x28 arch/arm/cpu/arm926ejs/built-in.o
                0x31000580                get_timer_masked
 .text.get_timer
                0x310005a8       0x14 arch/arm/cpu/arm926ejs/built-in.o
                0x310005a8                get_timer
 .text.__udelay
                0x310005bc       0x4c arch/arm/cpu/arm926ejs/built-in.o
                0x310005bc                __udelay
 .text.get_tbclk
                0x31000608        0x8 arch/arm/cpu/arm926ejs/built-in.o
                0x31000608                get_tbclk
 .text.reset_cpu
                0x31000610       0x28 arch/arm/cpu/arm926ejs/built-in.o
                0x31000610                reset_cpu
 .text.timer_init
                0x31000638       0x88 arch/arm/cpu/arm926ejs/built-in.o
                0x31000638                timer_init
 .text          0x310006c0       0x90 arch/arm/lib/built-in.o
                0x310006c0                _main
 .text.relocate_vectors
                0x31000750       0x90 arch/arm/lib/built-in.o
                0x31000750                relocate_vectors
                0x31000778                relocate_code
 .text.setup_initrd_tag
                0x310007e0       0x3c arch/arm/lib/built-in.o
 .text.setup_board_tags
                0x3100081c        0x4 arch/arm/lib/built-in.o
                0x3100081c                setup_board_tags
 .text.boot_jump_vxworks
                0x31000820       0x18 arch/arm/lib/built-in.o
                0x31000820                boot_jump_vxworks
 .text.boot_prep_vxworks
                0x31000838        0x4 arch/arm/lib/built-in.o
                0x31000838                boot_prep_vxworks
 .text.boot_prep_linux
                0x3100083c      0x178 arch/arm/lib/built-in.o
 .text.boot_jump_linux
                0x310009b4       0xac arch/arm/lib/built-in.o
 .text.do_bootm_linux
                0x31000a60       0x68 arch/arm/lib/built-in.o
                0x31000a60                do_bootm_linux
 .text.arch_lmb_reserve
                0x31000ac8       0x24 arch/arm/lib/built-in.o
                0x31000ac8                arch_lmb_reserve
 .text.arch_reserve_stacks
                0x31000aec       0x1c arch/arm/lib/built-in.o
                0x31000aec                arch_reserve_stacks
 .text.interrupt_init
                0x31000b08       0x1c arch/arm/lib/built-in.o
                0x31000b08                interrupt_init
 .text.enable_interrupts
                0x31000b24        0x4 arch/arm/lib/built-in.o
                0x31000b24                enable_interrupts
 .text.disable_interrupts
                0x31000b28        0x8 arch/arm/lib/built-in.o
                0x31000b28                disable_interrupts
 .text.show_regs
                0x31000b30      0x174 arch/arm/lib/built-in.o
                0x31000b30                show_regs
 .text.bad_mode
                0x31000ca4       0x10 arch/arm/lib/built-in.o
                0x31000ca4                bad_mode
 .text.do_irq   0x31000cb4       0x24 arch/arm/lib/built-in.o
                0x31000cb4                do_irq
 .text.do_fiq   0x31000cd8       0x24 arch/arm/lib/built-in.o
                0x31000cd8                do_fiq
 .text.do_not_used
                0x31000cfc       0x24 arch/arm/lib/built-in.o
                0x31000cfc                do_not_used
 .text.do_data_abort
                0x31000d20       0x24 arch/arm/lib/built-in.o
                0x31000d20                do_data_abort
 .text.do_prefetch_abort
                0x31000d44       0x24 arch/arm/lib/built-in.o
                0x31000d44                do_prefetch_abort
 .text.do_software_interrupt
                0x31000d68       0x24 arch/arm/lib/built-in.o
                0x31000d68                do_software_interrupt
 .text.do_undefined_instruction
                0x31000d8c       0x24 arch/arm/lib/built-in.o
                0x31000d8c                do_undefined_instruction
 .text.reset_misc
                0x31000db0        0x4 arch/arm/lib/built-in.o
                0x31000db0                reset_misc
 .text.do_reset
                0x31000db4       0x34 arch/arm/lib/built-in.o
                0x31000db4                do_reset
 .text.flush_cache
                0x31000de8        0x8 arch/arm/lib/built-in.o
                0x31000de8                flush_cache
 .text.check_cache_range
                0x31000df0       0x40 arch/arm/lib/built-in.o
                0x31000df0                check_cache_range
 .text.enable_caches
                0x31000e30        0xc arch/arm/lib/built-in.o
                0x31000e30                enable_caches
 .text.arm_init_before_mmu
                0x31000e3c        0x4 arch/arm/lib/built-in.o
                0x31000e3c                arm_init_before_mmu
 .text.arm_init_domains
                0x31000e40        0x4 arch/arm/lib/built-in.o
                0x31000e40                arm_init_domains
 .text.cp_delay
                0x31000e44       0x30 arch/arm/lib/built-in.o
 .text.set_section_dcache
                0x31000e74       0x14 arch/arm/lib/built-in.o
                0x31000e74                set_section_dcache
 .text.dram_bank_mmu_setup
                0x31000e88       0x50 arch/arm/lib/built-in.o
                0x31000e88                dram_bank_mmu_setup
 .text.cache_enable
                0x31000ed8       0x80 arch/arm/lib/built-in.o
 .text.icache_enable
                0x31000f58        0x8 arch/arm/lib/built-in.o
                0x31000f58                icache_enable
 .text.icache_status
                0x31000f60       0x10 arch/arm/lib/built-in.o
                0x31000f60                icache_status
 .text.dcache_enable
                0x31000f70        0x8 arch/arm/lib/built-in.o
                0x31000f70                dcache_enable
 .text.dcache_status
                0x31000f78       0x10 arch/arm/lib/built-in.o
                0x31000f78                dcache_status
 .text.cache_disable
                0x31000f88       0x44 arch/arm/lib/built-in.o
 .text.dcache_disable
                0x31000fcc        0x8 arch/arm/lib/built-in.o
                0x31000fcc                dcache_disable
 .text.icache_disable
                0x31000fd4        0x8 arch/arm/lib/built-in.o
                0x31000fd4                icache_disable
 .text          0x31000fdc      0x240 board/samsung/fs2416/built-in.o
                0x31000fdc                lowlevel_init
 .text.dram_init
                0x3100121c       0x10 board/samsung/fs2416/built-in.o
                0x3100121c                dram_init
 .text.board_eth_init
                0x3100122c        0x8 board/samsung/fs2416/built-in.o
                0x3100122c                board_eth_init
 .text.board_init
                0x31001234       0x30 board/samsung/fs2416/built-in.o
                0x31001234                board_init
 .text.do_go_exec
                0x31001264       0x18 cmd/built-in.o
                0x31001264                do_go_exec
 .text.do_go    0x3100127c       0x70 cmd/built-in.o
 .text.do_bootd
                0x310012ec       0x20 cmd/built-in.o
                0x310012ec                do_bootd
 .text.do_bootm
                0x3100130c      0x104 cmd/built-in.o
                0x3100130c                do_bootm
 .text.bootm_maybe_autostart
                0x31001410       0x74 cmd/built-in.o
                0x31001410                bootm_maybe_autostart
 .text.do_help  0x31001484       0x4c cmd/built-in.o
 .text.do_version
                0x310014d0       0x38 cmd/built-in.o
 .text.source   0x31001508      0x10c cmd/built-in.o
                0x31001508                source
 .text.do_source
                0x31001614       0x48 cmd/built-in.o
 .text.print_num
                0x3100165c       0x14 cmd/built-in.o
 .text.do_bdinfo
                0x31001670      0x1c8 cmd/built-in.o
 .text.parse_argv
                0x31001838       0x58 cmd/built-in.o
 .text.do_dcache
                0x31001890       0x8c cmd/built-in.o
 .text.invalidate_icache_all
                0x3100191c        0xc cmd/built-in.o
                0x3100191c                invalidate_icache_all
 .text.do_icache
                0x31001928       0x8c cmd/built-in.o
 .text.do_coninfo
                0x310019b4       0xdc cmd/built-in.o
 .text.do_echo  0x31001a90       0xb0 cmd/built-in.o
 .text.valid_elf_image
                0x31001b40       0x74 cmd/built-in.o
                0x31001b40                valid_elf_image
 .text.load_elf_image_shdr
                0x31001bb4       0x98 cmd/built-in.o
 .text.do_bootvx
                0x31001c4c      0x34c cmd/built-in.o
                0x31001c4c                do_bootvx
 .text.do_bootelf
                0x31001f98      0x1a8 cmd/built-in.o
                0x31001f98                do_bootelf
 .text.do_exit  0x31002140       0x30 cmd/built-in.o
 .text.do_ext2ls
                0x31002170       0x14 cmd/built-in.o
 .text.do_ext2load
                0x31002184       0x14 cmd/built-in.o
                0x31002184                do_ext2load
 .text.do_fat_fsinfo
                0x31002198       0x94 cmd/built-in.o
 .text.do_fat_ls
                0x3100222c       0x14 cmd/built-in.o
 .text.do_fat_fsload
                0x31002240       0x14 cmd/built-in.o
                0x31002240                do_fat_fsload
 .text.do_fat_size
                0x31002254       0x14 cmd/built-in.o
                0x31002254                do_fat_size
 .text.evalexp  0x31002268       0x68 cmd/built-in.o
 .text.evalstr  0x310022d0       0x68 cmd/built-in.o
 .text.binary_test
                0x31002338      0x1c0 cmd/built-in.o
 .text.do_itest
                0x310024f8       0x94 cmd/built-in.o
 .text.ktrans   0x3100258c       0x20 cmd/built-in.o
 .text.chk1     0x310025ac       0x30 cmd/built-in.o
 .text.bin_data_init
                0x310025dc       0x2c cmd/built-in.o
 .text.bin_data_char
                0x31002608       0x28 cmd/built-in.o
 .text.k_data_save
                0x31002630       0x4c cmd/built-in.o
 .text.k_data_restore
                0x3100267c       0x4c cmd/built-in.o
 .text.load_serial_ymodem
                0x310026c8       0xf0 cmd/built-in.o
 .text.getcxmodem
                0x310027b8       0x20 cmd/built-in.o
 .text.s1_sendpacket
                0x310027d8       0x54 cmd/built-in.o
 .text.do_load_serial_bin
                0x3100282c      0x794 cmd/built-in.o
 .text.load_serial
                0x31002fc0      0x1f8 cmd/built-in.o
 .text.do_load_serial
                0x310031b8       0xe0 cmd/built-in.o
 .text.do_mem_loop
                0x31003298       0xf4 cmd/built-in.o
 .text.do_mem_mw
                0x3100338c       0xc0 cmd/built-in.o
 .text.do_mem_base
                0x3100344c       0x44 cmd/built-in.o
 .text.do_mem_cmp
                0x31003490      0x164 cmd/built-in.o
 .text.do_mem_crc
                0x310035f4       0x38 cmd/built-in.o
 .text.do_mem_cp
                0x3100362c       0xd0 cmd/built-in.o
 .text.mod_mem  0x310036fc      0x17c cmd/built-in.o
 .text.do_mem_nm
                0x31003878       0x20 cmd/built-in.o
 .text.do_mem_mm
                0x31003898       0x20 cmd/built-in.o
 .text.do_mem_md
                0x310038b8       0xe4 cmd/built-in.o
 .text.do_sleep
                0x3100399c       0xd8 cmd/built-in.o
 .text.device_find
                0x31003a74       0x50 cmd/built-in.o
                0x31003a74                device_find
 .text.mtd_part_info
                0x31003ac4       0x94 cmd/built-in.o
 .text.memsize_format
                0x31003b58       0xa4 cmd/built-in.o
 .text.index_partitions
                0x31003bfc       0xb8 cmd/built-in.o
 .text.current_save
                0x31003cb4       0xbc cmd/built-in.o
 .text.part_sort_add
                0x31003d70      0x168 cmd/built-in.o
 .text.part_delall
                0x31003ed8       0x4c cmd/built-in.o
 .text.device_delall
                0x31003f24       0x68 cmd/built-in.o
 .text.mtd_devices_init
                0x31003f8c       0x34 cmd/built-in.o
 .text.device_del
                0x31003fc0       0x80 cmd/built-in.o
 .text.memsize_parse
                0x31004040       0x8c cmd/built-in.o
 .text.get_mtd_info
                0x310040cc       0x88 cmd/built-in.o
 .text.part_validate
                0x31004154      0x380 cmd/built-in.o
 .text.device_parse
                0x310044d4      0x57c cmd/built-in.o
 .text.generate_mtdparts_save
                0x31004a50      0x314 cmd/built-in.o
 .text.getenv_mtdparts
                0x31004d64       0x44 cmd/built-in.o
 .text.mtd_id_parse
                0x31004da8      0x10c cmd/built-in.o
                0x31004da8                mtd_id_parse
 .text.find_dev_and_part
                0x31004eb4      0x1b4 cmd/built-in.o
                0x31004eb4                find_dev_and_part
 .text.mtdparts_init
                0x31005068      0x678 cmd/built-in.o
                0x31005068                mtdparts_init
 .text.do_mtdparts
                0x310056e0      0x604 cmd/built-in.o
 .text.do_chpart
                0x31005ce4       0xd4 cmd/built-in.o
 .text.set_dev  0x31005db8       0x74 cmd/built-in.o
 .text.nand_load_image
                0x31005e2c      0x1d4 cmd/built-in.o
 .text.do_nandboot
                0x31006000      0x250 cmd/built-in.o
 .text.nand_print_and_set_info
                0x31006250       0xe4 cmd/built-in.o
 .text.do_nand  0x31006334      0xd6c cmd/built-in.o
 .text.do_ping  0x310070a0       0x74 cmd/built-in.o
 .text.netboot_common
                0x31007114      0x2c0 cmd/built-in.o
 .text.do_nfs   0x310073d4        0xc cmd/built-in.o
 .text.do_dhcp  0x310073e0        0xc cmd/built-in.o
 .text.do_bootp
                0x310073ec        0xc cmd/built-in.o
 .text.do_tftpb
                0x310073f8       0x40 cmd/built-in.o
                0x310073f8                do_tftpb
 .text.do_reginfo
                0x31007438        0x8 cmd/built-in.o
 .text.do_false
                0x31007440        0x8 cmd/built-in.o
 .text.do_true  0x31007448        0x8 cmd/built-in.o
 .text.do_test  0x31007450      0x360 cmd/built-in.o
 .text.ubi_find_volume
                0x310077b0       0x68 cmd/built-in.o
 .text.ubi_volume_continue_write
                0x31007818       0x94 cmd/built-in.o
 .text.ubi_detach
                0x310078ac       0x78 cmd/built-in.o
                0x310078ac                ubi_detach
 .text.ubi_part
                0x31007924      0x218 cmd/built-in.o
                0x31007924                ubi_part
 .text.ubi_volume_read
                0x31007b3c      0x1f4 cmd/built-in.o
                0x31007b3c                ubi_volume_read
 .text.ubi_volume_begin_write
                0x31007d30       0xa0 cmd/built-in.o
                0x31007d30                ubi_volume_begin_write
 .text.ubi_volume_write
                0x31007dd0        0x8 cmd/built-in.o
                0x31007dd0                ubi_volume_write
 .text.do_ubi   0x31007dd8      0x8d4 cmd/built-in.o
 .text.ubifs_is_mounted
                0x310086ac       0x10 cmd/built-in.o
                0x310086ac                ubifs_is_mounted
 .text.do_ubifs_load
                0x310086bc       0xc8 cmd/built-in.o
 .text.do_ubifs_ls
                0x31008784       0x68 cmd/built-in.o
 .text.do_ubifs_mount
                0x310087ec       0x5c cmd/built-in.o
 .text.cmd_ubifs_umount
                0x31008848       0x28 cmd/built-in.o
                0x31008848                cmd_ubifs_umount
 .text.do_ubifs_umount
                0x31008870       0x40 cmd/built-in.o
 .text.do_ymv   0x310088b0       0x34 cmd/built-in.o
                0x310088b0                do_ymv
 .text.do_yrm   0x310088e4       0x30 cmd/built-in.o
                0x310088e4                do_yrm
 .text.do_yrmdir
                0x31008914       0x30 cmd/built-in.o
                0x31008914                do_yrmdir
 .text.do_ymkdir
                0x31008944       0x30 cmd/built-in.o
                0x31008944                do_ymkdir
 .text.do_ywrm  0x31008974       0x64 cmd/built-in.o
                0x31008974                do_ywrm
 .text.do_yrdm  0x310089d8       0x48 cmd/built-in.o
                0x310089d8                do_yrdm
 .text.do_ywr   0x31008a20       0x90 cmd/built-in.o
                0x31008a20                do_ywr
 .text.do_yrd   0x31008ab0       0x50 cmd/built-in.o
                0x31008ab0                do_yrd
 .text.do_yls   0x31008b00       0x74 cmd/built-in.o
                0x31008b00                do_yls
 .text.do_yumount
                0x31008b74       0x44 cmd/built-in.o
                0x31008b74                do_yumount
 .text.do_ymount
                0x31008bb8       0x44 cmd/built-in.o
                0x31008bb8                do_ymount
 .text.do_ydevconfig
                0x31008bfc       0x7c cmd/built-in.o
                0x31008bfc                do_ydevconfig
 .text.do_ydevls
                0x31008c78       0x10 cmd/built-in.o
                0x31008c78                do_ydevls
 .text.do_ytrace
                0x31008c88       0x38 cmd/built-in.o
                0x31008c88                do_ytrace
 .text.get_env_id
                0x31008cc0       0x10 cmd/built-in.o
                0x31008cc0                get_env_id
 .text.do_env_delete
                0x31008cd0       0xac cmd/built-in.o
 .text.do_env_exists
                0x31008d7c       0x60 cmd/built-in.o
 .text._do_env_set
                0x31008ddc      0x1d8 cmd/built-in.o
 .text.do_env_set
                0x31008fb4       0x24 cmd/built-in.o
 .text.setenv   0x31008fd8       0x64 cmd/built-in.o
                0x31008fd8                setenv
 .text.env_print
                0x3100903c       0xd0 cmd/built-in.o
 .text.do_env_print
                0x3100910c       0xdc cmd/built-in.o
 .text.do_env   0x310091e8       0x5c cmd/built-in.o
 .text.do_env_import
                0x31009244      0x288 cmd/built-in.o
 .text.setenv_hex
                0x310094cc       0x38 cmd/built-in.o
                0x310094cc                setenv_hex
 .text.do_env_export
                0x31009504      0x268 cmd/built-in.o
 .text.do_env_default
                0x3100976c       0xb0 cmd/built-in.o
 .text.do_env_save
                0x3100981c       0x2c cmd/built-in.o
 .text.envmatch
                0x31009848       0x64 cmd/built-in.o
                0x31009848                envmatch
 .text.getenv_f
                0x310098ac       0xbc cmd/built-in.o
                0x310098ac                getenv_f
 .text.getenv   0x31009968       0x80 cmd/built-in.o
                0x31009968                getenv
 .text.do_env_edit
                0x310099e8       0xe0 cmd/built-in.o
 .text.getenv_ulong
                0x31009ac8       0x30 cmd/built-in.o
                0x31009ac8                getenv_ulong
 .text.setenv_ulong
                0x31009af8       0x20 cmd/built-in.o
                0x31009af8                setenv_ulong
 .text.board_init_f_alloc_reserve
                0x31009b18        0xc common/built-in.o
                0x31009b18                board_init_f_alloc_reserve
 .text.show_boot_progress
                0x31009b24        0x8 common/built-in.o
                0x31009b24                show_boot_progress
 .text.board_init_f_init_reserve
                0x31009b2c        0xc common/built-in.o
                0x31009b2c                board_init_f_init_reserve
 .text.main_loop
                0x31009b38       0x28 common/built-in.o
                0x31009b38                main_loop
 .text.dummy    0x31009b60        0x4 common/built-in.o
 .text.get_version
                0x31009b64        0x8 common/built-in.o
                0x31009b64                get_version
 .text.jumptable_init
                0x31009b6c      0x230 common/built-in.o
                0x31009b6c                jumptable_init
 .text.hash_command
                0x31009d9c       0xbc common/built-in.o
                0x31009d9c                hash_command
 .text.b_reset  0x31009e58       0x1c common/built-in.o
 .text.static_get
                0x31009e74       0x1c common/built-in.o
 .text.static_peek
                0x31009e90        0xc common/built-in.o
 .text.file_peek
                0x31009e9c        0xc common/built-in.o
 .text.setup_string_in_str
                0x31009ea8       0x2c common/built-in.o
 .text.is_assignment
                0x31009ed4       0x5c common/built-in.o
 .text.mapset   0x31009f30       0x28 common/built-in.o
 .text.syntax_err
                0x31009f58        0xc common/built-in.o
 .text.do_showvar
                0x31009f64       0xec common/built-in.o
 .text.u_boot_hush_start
                0x3100a050       0x50 common/built-in.o
                0x3100a050                u_boot_hush_start
 .text.xmalloc  0x3100a0a0       0x20 common/built-in.o
 .text.new_pipe
                0x3100a0c0       0x28 common/built-in.o
 .text.file_get
                0x3100a0e8      0x20c common/built-in.o
 .text.free_pipe_list
                0x3100a2f4       0xec common/built-in.o
 .text.b_free   0x3100a3e0       0x24 common/built-in.o
 .text.xrealloc
                0x3100a404       0x20 common/built-in.o
 .text.done_command
                0x3100a424       0x8c common/built-in.o
 .text.initialize_context
                0x3100a4b0       0x38 common/built-in.o
 .text.done_pipe
                0x3100a4e8       0x48 common/built-in.o
 .text.b_addchr
                0x3100a530       0x7c common/built-in.o
 .text.done_word
                0x3100a5ac      0x2c4 common/built-in.o
 .text.b_addqchr
                0x3100a870       0x4c common/built-in.o
 .text.get_local_var
                0x3100a8bc       0x98 common/built-in.o
                0x3100a8bc                get_local_var
 .text.set_local_var
                0x3100a954      0x1c0 common/built-in.o
                0x3100a954                set_local_var
 .text.insert_var_value_sub
                0x3100ab14      0x2b0 common/built-in.o
 .text.insert_var_value
                0x3100adc4        0x8 common/built-in.o
 .text.run_list_real
                0x3100adcc      0x80c common/built-in.o
 .text.parse_stream_outer
                0x3100b5d8      0x710 common/built-in.o
 .text.parse_file_outer
                0x3100bce8       0x44 common/built-in.o
                0x3100bce8                parse_file_outer
 .text.parse_string_outer
                0x3100bd2c       0xc8 common/built-in.o
                0x3100bd2c                parse_string_outer
 .text.autoboot_command
                0x3100bdf4       0xf8 common/built-in.o
                0x3100bdf4                autoboot_command
 .text.bootdelay_process
                0x3100beec       0x50 common/built-in.o
                0x3100beec                bootdelay_process
 .text.bootretry_tstc_timeout
                0x3100bf3c       0x60 common/built-in.o
                0x3100bf3c                bootretry_tstc_timeout
 .text.bootretry_reset_cmd_timeout
                0x3100bf9c       0x44 common/built-in.o
                0x3100bf9c                bootretry_reset_cmd_timeout
 .text.bootretry_init_cmd_timeout
                0x3100bfe0       0x50 common/built-in.o
                0x3100bfe0                bootretry_init_cmd_timeout
 .text.coloured_LED_init
                0x3100c030        0x4 common/built-in.o
                0x3100c030                coloured_LED_init
 .text.red_led_on
                0x3100c034        0x4 common/built-in.o
                0x3100c034                red_led_on
 .text.board_add_ram_info
                0x3100c038        0x4 common/built-in.o
                0x3100c038                board_add_ram_info
 .text.display_text_info
                0x3100c03c        0x8 common/built-in.o
 .text.setup_mon_len
                0x3100c044       0x20 common/built-in.o
 .text.arch_cpu_init
                0x3100c064        0x8 common/built-in.o
                0x3100c064                arch_cpu_init
 .text.board_get_usable_ram_top
                0x3100c06c       0x18 common/built-in.o
                0x3100c06c                board_get_usable_ram_top
 .text.board_reserve_ram_top
                0x3100c084        0x4 common/built-in.o
                0x3100c084                board_reserve_ram_top
 .text.reserve_round_4k
                0x3100c088       0x18 common/built-in.o
 .text.reserve_mmu
                0x3100c0a0       0x38 common/built-in.o
 .text.reserve_trace
                0x3100c0d8        0x8 common/built-in.o
 .text.reserve_uboot
                0x3100c0e0       0x30 common/built-in.o
 .text.reserve_malloc
                0x3100c110       0x14 common/built-in.o
 .text.setup_machine
                0x3100c124        0x8 common/built-in.o
 .text.reserve_global_data
                0x3100c12c       0x1c common/built-in.o
 .text.reserve_fdt
                0x3100c148       0x60 common/built-in.o
 .text.reserve_stacks
                0x3100c1a8       0x1c common/built-in.o
 .text.display_new_sp
                0x3100c1c4        0x8 common/built-in.o
 .text.initf_console_record
                0x3100c1cc        0x8 common/built-in.o
 .text.initf_dm
                0x3100c1d4        0x8 common/built-in.o
 .text.reserve_arch
                0x3100c1dc        0x8 common/built-in.o
                0x3100c1dc                reserve_arch
 .text.arch_cpu_init_dm
                0x3100c1e4        0x8 common/built-in.o
                0x3100c1e4                arch_cpu_init_dm
 .text.board_init_f
                0x3100c1ec       0x28 common/built-in.o
                0x3100c1ec                board_init_f
 .text.setup_reloc
                0x3100c214       0x34 common/built-in.o
 .text.reloc_fdt
                0x3100c248       0x3c common/built-in.o
 .text.show_dram_config
                0x3100c284       0x44 common/built-in.o
 .text.reserve_board
                0x3100c2c8       0x38 common/built-in.o
 .text.setup_dest_addr
                0x3100c300       0x50 common/built-in.o
 .text.dram_init_banksize
                0x3100c350       0x20 common/built-in.o
                0x3100c350                dram_init_banksize
 .text.setup_dram_config
                0x3100c370       0x10 common/built-in.o
 .text.announce_dram_init
                0x3100c380       0x18 common/built-in.o
 .text.init_baud_rate
                0x3100c398       0x2c common/built-in.o
 .text.mark_bootstage
                0x3100c3c4       0x14 common/built-in.o
 .text.bootstage_relocate
                0x3100c3d8        0x8 common/built-in.o
 .text.cpu_secondary_init_r
                0x3100c3e0        0x4 common/built-in.o
                0x3100c3e0                cpu_secondary_init_r
 .text.initr_secondary_cpu
                0x3100c3e4       0x10 common/built-in.o
 .text.initr_trace
                0x3100c3f4        0x8 common/built-in.o
 .text.initr_reloc
                0x3100c3fc       0x18 common/built-in.o
 .text.initr_reloc_global_data
                0x3100c414       0x28 common/built-in.o
 .text.initr_barrier
                0x3100c43c        0x8 common/built-in.o
 .text.initr_console_record
                0x3100c444        0x8 common/built-in.o
 .text.power_init_board
                0x3100c44c        0x8 common/built-in.o
                0x3100c44c                power_init_board
 .text.initr_announce
                0x3100c454        0x8 common/built-in.o
 .text.run_main_loop
                0x3100c45c        0xc common/built-in.o
 .text.initr_net
                0x3100c468       0x1c common/built-in.o
 .text.initr_ethaddr
                0x3100c484       0x20 common/built-in.o
 .text.initr_enable_interrupts
                0x3100c4a4       0x10 common/built-in.o
 .text.initr_jumptable
                0x3100c4b4       0x10 common/built-in.o
 .text.initr_env
                0x3100c4c4       0x30 common/built-in.o
 .text.initr_nand
                0x3100c4f4       0x1c common/built-in.o
 .text.initr_serial
                0x3100c510       0x10 common/built-in.o
 .text.initr_bootstage
                0x3100c520       0x14 common/built-in.o
 .text.initr_malloc
                0x3100c534       0x1c common/built-in.o
 .text.initr_caches
                0x3100c550       0x10 common/built-in.o
 .text.board_init_r
                0x3100c560       0x10 common/built-in.o
                0x3100c560                board_init_r
 .text.bootm_disable_interrupts
                0x3100c570        0x4 common/built-in.o
                0x3100c570                bootm_disable_interrupts
 .text.bootm_decomp_image
                0x3100c574      0x1e0 common/built-in.o
                0x3100c574                bootm_decomp_image
 .text.bootm_find_images
                0x3100c754       0x4c common/built-in.o
                0x3100c754                bootm_find_images
 .text.do_bootm_states
                0x3100c7a0      0x780 common/built-in.o
                0x3100c7a0                do_bootm_states
 .text.arch_preboot_os
                0x3100cf20        0x4 common/built-in.o
                0x3100cf20                arch_preboot_os
 .text.bootm_os_get_boot_func
                0x3100cf24       0x10 common/built-in.o
                0x3100cf24                bootm_os_get_boot_func
 .text.copy_args
                0x3100cf34       0x54 common/built-in.o
 .text.do_bootm_plan9
                0x3100cf88       0xa0 common/built-in.o
 .text.do_bootm_rtems
                0x3100d028       0x3c common/built-in.o
 .text.boot_selected_os
                0x3100d064       0x54 common/built-in.o
                0x3100d064                boot_selected_os
 .text.do_bootm_standalone
                0x3100d0b8       0x64 common/built-in.o
 .text.do_bootm_qnxelf
                0x3100d11c       0x5c common/built-in.o
 .text.do_bootm_netbsd
                0x3100d178       0xf8 common/built-in.o
 .text.do_bootvx_fdt
                0x3100d270       0x3c common/built-in.o
                0x3100d270                do_bootvx_fdt
 .text.do_bootm_vxworks
                0x3100d2ac       0x20 common/built-in.o
 .text.regex_callback
                0x3100d2cc      0x13c common/built-in.o
 .text.env_attr_walk
                0x3100d408      0x11c common/built-in.o
                0x3100d408                env_attr_walk
 .text.env_attr_lookup
                0x3100d524       0x84 common/built-in.o
                0x3100d524                env_attr_lookup
 .text.clear_callback
                0x3100d5a8       0x10 common/built-in.o
 .text.on_callbacks
                0x3100d5b8       0x50 common/built-in.o
 .text.find_env_callback
                0x3100d608       0x60 common/built-in.o
 .text.set_callback
                0x3100d668       0x98 common/built-in.o
 .text.env_callback_init
                0x3100d700       0xc8 common/built-in.o
                0x3100d700                env_callback_init
 .text.skip_num
                0x3100d7c8       0x80 common/built-in.o
 .text.eth_validate_ethaddr_str
                0x3100d848       0x90 common/built-in.o
                0x3100d848                eth_validate_ethaddr_str
 .text.clear_flags
                0x3100d8d8       0x10 common/built-in.o
 .text.on_flags
                0x3100d8e8       0x50 common/built-in.o
 .text.env_flags_validate
                0x3100d938      0x2a8 common/built-in.o
                0x3100d938                env_flags_validate
 .text.env_flags_parse_varaccess
                0x3100dbe0       0x50 common/built-in.o
                0x3100dbe0                env_flags_parse_varaccess
 .text.env_flags_parse_vartype
                0x3100dc30       0x4c common/built-in.o
                0x3100dc30                env_flags_parse_vartype
 .text.env_parse_flags_to_bin
                0x3100dc7c       0x2c common/built-in.o
 .text.set_flags
                0x3100dca8       0x94 common/built-in.o
 .text.env_flags_init
                0x3100dd3c       0xbc common/built-in.o
                0x3100dd3c                env_flags_init
 .text.env_init
                0x3100ddf8       0x1c common/built-in.o
                0x3100ddf8                env_init
 .text.env_relocate_spec
                0x3100de14       0xf0 common/built-in.o
                0x3100de14                env_relocate_spec
 .text.saveenv  0x3100df04      0x13c common/built-in.o
                0x3100df04                saveenv
 .text.env_get_char_spec
                0x3100e040        0xc common/built-in.o
                0x3100e040                env_get_char_spec
 .text.env_get_addr
                0x3100e04c       0x20 common/built-in.o
                0x3100e04c                env_get_addr
 .text.env_get_char_memory
                0x3100e06c       0x10 common/built-in.o
                0x3100e06c                env_get_char_memory
 .text.env_get_char
                0x3100e07c       0x30 common/built-in.o
                0x3100e07c                env_get_char
 .text.env_export
                0x3100e0ac       0xa8 common/built-in.o
                0x3100e0ac                env_export
 .text.set_default_vars
                0x3100e154       0x3c common/built-in.o
                0x3100e154                set_default_vars
 .text.set_default_env
                0x3100e190       0xd0 common/built-in.o
                0x3100e190                set_default_env
 .text.env_relocate
                0x3100e260       0x30 common/built-in.o
                0x3100e260                env_relocate
 .text.env_import
                0x3100e290       0xe4 common/built-in.o
                0x3100e290                env_import
 .text.getenv_default
                0x3100e374       0x30 common/built-in.o
                0x3100e374                getenv_default
 .text.getenv_yesno
                0x3100e3a4       0x4c common/built-in.o
                0x3100e3a4                getenv_yesno
 .text.console_setfile
                0x3100e3f0       0xbc common/built-in.o
 .text.fgetc    0x3100e4ac       0x2c common/built-in.o
                0x3100e4ac                fgetc
 .text.ftstc    0x3100e4d8       0x2c common/built-in.o
                0x3100e4d8                ftstc
 .text.fputc    0x3100e504       0x28 common/built-in.o
                0x3100e504                fputc
 .text.fputs    0x3100e52c       0x28 common/built-in.o
                0x3100e52c                fputs
 .text.had_ctrlc
                0x3100e554       0x10 common/built-in.o
                0x3100e554                had_ctrlc
 .text.clear_ctrlc
                0x3100e564       0x14 common/built-in.o
                0x3100e564                clear_ctrlc
 .text.console_init_f
                0x3100e578       0x10 common/built-in.o
                0x3100e578                console_init_f
 .text.search_device
                0x3100e588       0x28 common/built-in.o
                0x3100e588                search_device
 .text.console_assign
                0x3100e5b0       0x40 common/built-in.o
                0x3100e5b0                console_assign
 .text.on_console
                0x3100e5f0       0xb8 common/built-in.o
 .text.puts     0x3100e6a8       0x28 common/built-in.o
                0x3100e6a8                puts
 .text.stdio_print_current_devices
                0x3100e6d0       0xb8 common/built-in.o
                0x3100e6d0                stdio_print_current_devices
 .text.console_init_r
                0x3100e788       0xe8 common/built-in.o
                0x3100e788                console_init_r
 .text.putc     0x3100e870       0x28 common/built-in.o
                0x3100e870                putc
 .text.tstc     0x3100e898       0x24 common/built-in.o
                0x3100e898                tstc
 .text.getc     0x3100e8bc       0x24 common/built-in.o
                0x3100e8bc                getc
 .text.confirm_yesno
                0x3100e8e0       0xd4 common/built-in.o
                0x3100e8e0                confirm_yesno
 .text.ctrlc    0x3100e9b4       0x5c common/built-in.o
                0x3100e9b4                ctrlc
 .text.initf_malloc
                0x3100ea10        0x8 common/built-in.o
                0x3100ea10                initf_malloc
 .text.mem_malloc_init
                0x3100ea18       0x40 common/built-in.o
                0x3100ea18                mem_malloc_init
 .text.sbrk     0x3100ea58       0x6c common/built-in.o
                0x3100ea58                sbrk
 .text.malloc_trim
                0x3100eac4       0xd4 common/built-in.o
                0x3100eac4                malloc_trim
 .text.free     0x3100eb98      0x23c common/built-in.o
                0x3100eb98                free
 .text.malloc   0x3100edd4      0x650 common/built-in.o
                0x3100edd4                malloc
 .text.memalign
                0x3100f424      0x17c common/built-in.o
                0x3100f424                memalign
 .text.calloc   0x3100f5a0       0xe0 common/built-in.o
                0x3100f5a0                calloc
 .text.realloc  0x3100f680      0x494 common/built-in.o
                0x3100f680                realloc
 .text.image_multi_count
                0x3100fb14       0x24 common/built-in.o
                0x3100fb14                image_multi_count
 .text.get_table_entry
                0x3100fb38       0x24 common/built-in.o
                0x3100fb38                get_table_entry
 .text.get_table_entry_name
                0x3100fb5c       0x20 common/built-in.o
                0x3100fb5c                get_table_entry_name
 .text.genimg_get_os_name
                0x3100fb7c       0x18 common/built-in.o
                0x3100fb7c                genimg_get_os_name
 .text.genimg_get_arch_name
                0x3100fb94       0x18 common/built-in.o
                0x3100fb94                genimg_get_arch_name
 .text.genimg_get_type_name
                0x3100fbac       0x18 common/built-in.o
                0x3100fbac                genimg_get_type_name
 .text.genimg_get_comp_name
                0x3100fbc4       0x18 common/built-in.o
                0x3100fbc4                genimg_get_comp_name
 .text.genimg_get_image
                0x3100fbdc        0x4 common/built-in.o
                0x3100fbdc                genimg_get_image
 .text.boot_get_setup
                0x3100fbe0        0x8 common/built-in.o
                0x3100fbe0                boot_get_setup
 .text.on_loadaddr
                0x3100fbe8       0x38 common/built-in.o
 .text.genimg_get_kernel_addr_fit
                0x3100fc20       0x24 common/built-in.o
                0x3100fc20                genimg_get_kernel_addr_fit
 .text.getenv_bootm_low
                0x3100fc44       0x30 common/built-in.o
                0x3100fc44                getenv_bootm_low
 .text.genimg_get_format
                0x3100fc74       0x34 common/built-in.o
                0x3100fc74                genimg_get_format
 .text.image_multi_getimg
                0x3100fca8       0xac common/built-in.o
                0x3100fca8                image_multi_getimg
 .text.genimg_print_size
                0x3100fd54       0x30 common/built-in.o
                0x3100fd54                genimg_print_size
 .text.image_print_contents
                0x3100fd84      0x1ac common/built-in.o
                0x3100fd84                image_print_contents
 .text.memmove_wd
                0x3100ff30        0xc common/built-in.o
                0x3100ff30                memmove_wd
 .text.getenv_bootm_size
                0x3100ff3c       0x68 common/built-in.o
                0x3100ff3c                getenv_bootm_size
 .text.getenv_bootm_mapsize
                0x3100ffa4       0x30 common/built-in.o
                0x3100ffa4                getenv_bootm_mapsize
 .text.boot_ramdisk_high
                0x3100ffd4      0x13c common/built-in.o
                0x3100ffd4                boot_ramdisk_high
 .text.image_check_dcrc
                0x31010110       0x60 common/built-in.o
                0x31010110                image_check_dcrc
 .text.image_check_hcrc
                0x31010170       0x68 common/built-in.o
                0x31010170                image_check_hcrc
 .text.boot_get_ramdisk
                0x310101d8      0x278 common/built-in.o
                0x310101d8                boot_get_ramdisk
 .text.get_effective_memsize
                0x31010450        0x8 common/built-in.o
                0x31010450                get_effective_memsize
 .text.stdio_get_list
                0x31010458        0xc common/built-in.o
                0x31010458                stdio_get_list
 .text.stdio_init_tables
                0x31010464       0x1c common/built-in.o
                0x31010464                stdio_init_tables
 .text.stdio_serial_tstc
                0x31010480        0x4 common/built-in.o
 .text.stdio_serial_getc
                0x31010484        0x4 common/built-in.o
 .text.stdio_serial_puts
                0x31010488        0x8 common/built-in.o
 .text.stdio_serial_putc
                0x31010490        0x8 common/built-in.o
 .text.stdio_clone
                0x31010498       0x38 common/built-in.o
                0x31010498                stdio_clone
 .text.stdio_register_dev
                0x310104d0       0x50 common/built-in.o
                0x310104d0                stdio_register_dev
 .text.stdio_register
                0x31010520        0x8 common/built-in.o
                0x31010520                stdio_register
 .text.stdio_add_devices
                0x31010528       0x7c common/built-in.o
                0x31010528                stdio_add_devices
 .text.stdio_get_by_name
                0x310105a4       0x54 common/built-in.o
                0x310105a4                stdio_get_by_name
 .text.cli_init
                0x310105f8        0x4 common/built-in.o
                0x310105f8                cli_init
 .text.cli_loop
                0x310105fc        0xc common/built-in.o
                0x310105fc                cli_loop
 .text.run_command
                0x31010608       0x10 common/built-in.o
                0x31010608                run_command
 .text.do_run   0x31010618       0x70 common/built-in.o
                0x31010618                do_run
 .text.run_command_list
                0x31010688       0x78 common/built-in.o
                0x31010688                run_command_list
 .text.delete_char
                0x31010700       0xdc common/built-in.o
 .text.cread_add_char
                0x310107dc       0xf0 common/built-in.o
 .text.cread_add_str
                0x310108cc       0x50 common/built-in.o
 .text.cli_readline_into_buffer
                0x3101091c      0x9b4 common/built-in.o
                0x3101091c                cli_readline_into_buffer
 .text.cli_readline
                0x310112d0       0x1c common/built-in.o
                0x310112d0                cli_readline
 .text.cmd_get_data_size
                0x310112ec       0x78 common/built-in.o
                0x310112ec                cmd_get_data_size
 .text.cmd_usage
                0x31011364       0x5c common/built-in.o
                0x31011364                cmd_usage
 .text.find_cmd_tbl
                0x310113c0       0xa0 common/built-in.o
                0x310113c0                find_cmd_tbl
 .text.find_cmd
                0x31011460       0x28 common/built-in.o
                0x31011460                find_cmd
 .text.cmd_process
                0x31011488       0xf0 common/built-in.o
                0x31011488                cmd_process
 .text._do_help
                0x31011578      0x180 common/built-in.o
                0x31011578                _do_help
 .text.hex1_bin
                0x310116f8       0x38 common/built-in.o
 .text.hex2_bin
                0x31011730       0x34 common/built-in.o
 .text.srec_decode
                0x31011764      0x26c common/built-in.o
                0x31011764                srec_decode
 .text.xyzModem_error
                0x310119d0       0x9c common/built-in.o
                0x310119d0                xyzModem_error
 .text.CYGACC_COMM_IF_PUTC
                0x31011a6c        0x8 common/built-in.o
 .text.CYGACC_COMM_IF_GETC_TIMEOUT
                0x31011a74       0x5c common/built-in.o
 .text.xyzModem_flush
                0x31011ad0       0x28 common/built-in.o
 .text.xyzModem_stream_terminate
                0x31011af8       0xd4 common/built-in.o
                0x31011af8                xyzModem_stream_terminate
 .text.xyzModem_stream_close
                0x31011bcc       0x4c common/built-in.o
                0x31011bcc                xyzModem_stream_close
 .text.xyzModem_get_hdr
                0x31011c18      0x288 common/built-in.o
 .text.xyzModem_stream_read
                0x31011ea0      0x284 common/built-in.o
                0x31011ea0                xyzModem_stream_read
 .text.xyzModem_stream_open
                0x31012124      0x26c common/built-in.o
                0x31012124                xyzModem_stream_open
 .text.blk_get_device_by_str
                0x31012390       0xf8 disk/built-in.o
                0x31012390                blk_get_device_by_str
 .text.blk_get_device_part_str
                0x31012488      0x318 disk/built-in.o
                0x31012488                blk_get_device_part_str
 .text.idr_remove
                0x310127a0       0x14 drivers/mtd/built-in.o
                0x310127a0                idr_remove
 .text.idr_find
                0x310127b4       0x18 drivers/mtd/built-in.o
                0x310127b4                idr_find
 .text.idr_get_next
                0x310127cc       0x40 drivers/mtd/built-in.o
                0x310127cc                idr_get_next
 .text.idr_alloc
                0x3101280c       0x40 drivers/mtd/built-in.o
                0x3101280c                idr_alloc
 .text.__mtd_next_device
                0x3101284c       0x1c drivers/mtd/built-in.o
                0x3101284c                __mtd_next_device
 .text.__get_mtd_device
                0x31012868       0x34 drivers/mtd/built-in.o
                0x31012868                __get_mtd_device
 .text.get_mtd_device
                0x3101289c       0x88 drivers/mtd/built-in.o
                0x3101289c                get_mtd_device
 .text.mtd_read
                0x31012924       0xd0 drivers/mtd/built-in.o
                0x31012924                mtd_read
 .text.mtd_write
                0x310129f4       0xbc drivers/mtd/built-in.o
                0x310129f4                mtd_write
 .text.mtd_read_oob
                0x31012ab0       0x5c drivers/mtd/built-in.o
                0x31012ab0                mtd_read_oob
 .text.mtd_unlock
                0x31012b0c       0x98 drivers/mtd/built-in.o
                0x31012b0c                mtd_unlock
 .text.mtd_block_isbad
                0x31012ba4       0x4c drivers/mtd/built-in.o
                0x31012ba4                mtd_block_isbad
 .text.mtd_block_markbad
                0x31012bf0       0x60 drivers/mtd/built-in.o
                0x31012bf0                mtd_block_markbad
 .text.mtd_erase
                0x31012c50       0xb4 drivers/mtd/built-in.o
                0x31012c50                mtd_erase
 .text.__put_mtd_device
                0x31012d04       0x50 drivers/mtd/built-in.o
                0x31012d04                __put_mtd_device
 .text.put_mtd_device
                0x31012d54        0x4 drivers/mtd/built-in.o
                0x31012d54                put_mtd_device
 .text.del_mtd_device
                0x31012d58       0x68 drivers/mtd/built-in.o
                0x31012d58                del_mtd_device
 .text.add_mtd_device
                0x31012dc0      0x1b8 drivers/mtd/built-in.o
                0x31012dc0                add_mtd_device
 .text.get_mtd_device_nm
                0x31012f78       0x58 drivers/mtd/built-in.o
                0x31012f78                get_mtd_device_nm
 .text.mtd_arg_off
                0x31012fd0       0xfc drivers/mtd/built-in.o
                0x31012fd0                mtd_arg_off
 .text.mtd_arg_off_size
                0x310130cc      0x138 drivers/mtd/built-in.o
                0x310130cc                mtd_arg_off_size
 .text.part_read
                0x31013204       0x98 drivers/mtd/built-in.o
 .text.part_get_unmapped_area
                0x3101329c       0x20 drivers/mtd/built-in.o
 .text.part_read_user_prot_reg
                0x310132bc       0x34 drivers/mtd/built-in.o
 .text.part_get_user_prot_info
                0x310132f0       0x18 drivers/mtd/built-in.o
 .text.part_read_fact_prot_reg
                0x31013308       0x34 drivers/mtd/built-in.o
 .text.part_get_fact_prot_info
                0x3101333c       0x18 drivers/mtd/built-in.o
 .text.part_write
                0x31013354       0x44 drivers/mtd/built-in.o
 .text.part_panic_write
                0x31013398       0x44 drivers/mtd/built-in.o
 .text.part_write_oob
                0x310133dc       0x88 drivers/mtd/built-in.o
 .text.part_write_user_prot_reg
                0x31013464       0x34 drivers/mtd/built-in.o
 .text.part_lock_user_prot_reg
                0x31013498       0x20 drivers/mtd/built-in.o
 .text.part_erase
                0x310134b8       0x78 drivers/mtd/built-in.o
 .text.mtd_erase_callback
                0x31013530       0x70 drivers/mtd/built-in.o
                0x31013530                mtd_erase_callback
 .text.part_lock
                0x310135a0       0x2c drivers/mtd/built-in.o
 .text.part_unlock
                0x310135cc       0x2c drivers/mtd/built-in.o
 .text.part_is_locked
                0x310135f8       0x2c drivers/mtd/built-in.o
 .text.part_sync
                0x31013624       0x18 drivers/mtd/built-in.o
 .text.part_block_isreserved
                0x3101363c       0x24 drivers/mtd/built-in.o
 .text.part_block_isbad
                0x31013660       0x24 drivers/mtd/built-in.o
 .text.part_block_markbad
                0x31013684       0x38 drivers/mtd/built-in.o
 .text.mtd_is_partition
                0x310136bc       0x40 drivers/mtd/built-in.o
                0x310136bc                mtd_is_partition
 .text.mtd_get_device_size
                0x310136fc       0x28 drivers/mtd/built-in.o
                0x310136fc                mtd_get_device_size
 .text.part_read_oob
                0x31013724      0x190 drivers/mtd/built-in.o
 .text.del_mtd_partitions
                0x310138b4       0x90 drivers/mtd/built-in.o
                0x310138b4                del_mtd_partitions
 .text.kstrdup  0x31013944       0x44 drivers/mtd/built-in.o
                0x31013944                kstrdup
 .text.add_mtd_partitions
                0x31013988      0x7b4 drivers/mtd/built-in.o
                0x31013988                add_mtd_partitions
 .text.nand_mtd_to_devnum
                0x3101413c       0x28 drivers/mtd/nand/built-in.o
                0x3101413c                nand_mtd_to_devnum
 .text.nand_register
                0x31014164       0x90 drivers/mtd/nand/built-in.o
                0x31014164                nand_register
 .text.nand_init
                0x310141f4       0x64 drivers/mtd/nand/built-in.o
                0x310141f4                nand_init
 .text.bbt_get_ver_offs
                0x31014258       0x1c drivers/mtd/nand/built-in.o
 .text.nand_isreserved_bbt
                0x31014274       0x40 drivers/mtd/nand/built-in.o
                0x31014274                nand_isreserved_bbt
 .text.nand_isbad_bbt
                0x310142b4       0x50 drivers/mtd/nand/built-in.o
                0x310142b4                nand_isbad_bbt
 .text.read_bbt
                0x31014304      0x1f4 drivers/mtd/nand/built-in.o
 .text.read_abs_bbt
                0x310144f8       0xcc drivers/mtd/nand/built-in.o
 .text.scan_read
                0x310145c4       0xf4 drivers/mtd/nand/built-in.o
 .text.write_bbt
                0x310146b8      0x61c drivers/mtd/nand/built-in.o
 .text.nand_update_bbt
                0x31014cd4      0x124 drivers/mtd/nand/built-in.o
 .text.nand_markbad_bbt
                0x31014df8       0x5c drivers/mtd/nand/built-in.o
                0x31014df8                nand_markbad_bbt
 .text.mark_bbt_region
                0x31014e54      0x178 drivers/mtd/nand/built-in.o
 .text.verify_bbt_descr
                0x31014fcc      0x164 drivers/mtd/nand/built-in.o
 .text.create_bbt
                0x31015130      0x210 drivers/mtd/nand/built-in.o
 .text.search_bbt
                0x31015340      0x1ac drivers/mtd/nand/built-in.o
 .text.nand_default_bbt
                0x310154ec      0x584 drivers/mtd/nand/built-in.o
                0x310154ec                nand_default_bbt
 .text.check_skip_len
                0x31015a70       0xa8 drivers/mtd/nand/built-in.o
 .text.nand_read_skip_bad
                0x31015b18      0x260 drivers/mtd/nand/built-in.o
                0x31015b18                nand_read_skip_bad
 .text.nand_verify
                0x31015d78       0xf8 drivers/mtd/nand/built-in.o
                0x31015d78                nand_verify
 .text.nand_write_skip_bad
                0x31015e70      0x2e8 drivers/mtd/nand/built-in.o
                0x31015e70                nand_write_skip_bad
 .text.nand_verify_page_oob
                0x31016158       0xc0 drivers/mtd/nand/built-in.o
                0x31016158                nand_verify_page_oob
 .text.nand_erase_opts
                0x31016218      0x378 drivers/mtd/nand/built-in.o
                0x31016218                nand_erase_opts
 .text.nand_calculate_ecc
                0x31016590       0xf8 drivers/mtd/nand/built-in.o
                0x31016590                nand_calculate_ecc
 .text.nand_correct_data
                0x31016688      0x12c drivers/mtd/nand/built-in.o
                0x31016688                nand_correct_data
 .text.nand_release_device
                0x310167b4       0x14 drivers/mtd/nand/built-in.o
 .text.nand_read_byte
                0x310167c8       0x10 drivers/mtd/nand/built-in.o
                0x310167c8                nand_read_byte
 .text.nand_read_byte16
                0x310167d8       0x10 drivers/mtd/nand/built-in.o
 .text.nand_read_word
                0x310167e8        0xc drivers/mtd/nand/built-in.o
 .text.nand_write_byte
                0x310167f4       0x20 drivers/mtd/nand/built-in.o
 .text.nand_write_byte16
                0x31016814       0x20 drivers/mtd/nand/built-in.o
 .text.nand_write_buf
                0x31016834       0x24 drivers/mtd/nand/built-in.o
                0x31016834                nand_write_buf
 .text.nand_read_buf
                0x31016858       0x28 drivers/mtd/nand/built-in.o
                0x31016858                nand_read_buf
 .text.nand_write_buf16
                0x31016880       0x2c drivers/mtd/nand/built-in.o
                0x31016880                nand_write_buf16
 .text.nand_read_buf16
                0x310168ac       0x34 drivers/mtd/nand/built-in.o
                0x310168ac                nand_read_buf16
 .text.nand_block_bad
                0x310168e0      0x154 drivers/mtd/nand/built-in.o
 .text.nand_check_wp
                0x31016a34       0x48 drivers/mtd/nand/built-in.o
 .text.nand_get_device
                0x31016a7c        0xc drivers/mtd/nand/built-in.o
 .text.nand_check_erased_buf
                0x31016a88      0x170 drivers/mtd/nand/built-in.o
 .text.nand_read_page_raw
                0x31016bf8       0x44 drivers/mtd/nand/built-in.o
 .text.nand_read_page_raw_syndrome
                0x31016c3c       0xd0 drivers/mtd/nand/built-in.o
 .text.nand_read_page_swecc
                0x31016d0c      0x138 drivers/mtd/nand/built-in.o
 .text.nand_setup_read_retry
                0x31016e44       0x30 drivers/mtd/nand/built-in.o
 .text.nand_read_oob_std
                0x31016e74       0x3c drivers/mtd/nand/built-in.o
 .text.nand_read_oob_syndrome
                0x31016eb0      0x10c drivers/mtd/nand/built-in.o
 .text.nand_write_oob_std
                0x31016fbc       0x70 drivers/mtd/nand/built-in.o
 .text.nand_write_oob_syndrome
                0x3101702c      0x1b8 drivers/mtd/nand/built-in.o
 .text.nand_write_page_raw
                0x310171e4       0x44 drivers/mtd/nand/built-in.o
 .text.nand_write_page_raw_syndrome
                0x31017228       0xd0 drivers/mtd/nand/built-in.o
 .text.nand_write_page_swecc
                0x310172f8       0xb8 drivers/mtd/nand/built-in.o
 .text.nand_write_page_hwecc
                0x310173b0       0xd0 drivers/mtd/nand/built-in.o
 .text.nand_write_page_syndrome
                0x31017480       0xf4 drivers/mtd/nand/built-in.o
 .text.nand_write_page
                0x31017574      0x164 drivers/mtd/nand/built-in.o
 .text.single_erase
                0x310176d8       0x48 drivers/mtd/nand/built-in.o
 .text.nand_sync
                0x31017720       0x1c drivers/mtd/nand/built-in.o
 .text.nand_onfi_set_features
                0x3101773c       0x5c drivers/mtd/nand/built-in.o
 .text.nand_onfi_get_features
                0x31017798       0x48 drivers/mtd/nand/built-in.o
 .text.nand_set_defaults
                0x310177e0      0x1a8 drivers/mtd/nand/built-in.o
 .text.nand_get_bits_per_cell
                0x31017988       0x10 drivers/mtd/nand/built-in.o
 .text.nand_select_chip
                0x31017998       0x54 drivers/mtd/nand/built-in.o
 .text.nand_scan_tail
                0x310179ec      0x684 drivers/mtd/nand/built-in.o
                0x310179ec                nand_scan_tail
 .text.nand_write_subpage_hwecc
                0x31018070      0x1a4 drivers/mtd/nand/built-in.o
 .text.nand_check_erased_ecc_chunk
                0x31018214       0xbc drivers/mtd/nand/built-in.o
                0x31018214                nand_check_erased_ecc_chunk
 .text.nand_read_page_syndrome
                0x310182d0      0x1ac drivers/mtd/nand/built-in.o
 .text.nand_read_subpage
                0x3101847c      0x2dc drivers/mtd/nand/built-in.o
 .text.nand_read_page_hwecc
                0x31018758      0x1a0 drivers/mtd/nand/built-in.o
 .text.nand_read_page_hwecc_oob_first
                0x310188f8      0x1a8 drivers/mtd/nand/built-in.o
 .text.nand_block_checkbad
                0x31018aa0       0x74 drivers/mtd/nand/built-in.o
 .text.nand_block_isbad
                0x31018b14       0x80 drivers/mtd/nand/built-in.o
 .text.nand_block_isreserved
                0x31018b94       0x18 drivers/mtd/nand/built-in.o
 .text.nand_fill_oob
                0x31018bac      0x128 drivers/mtd/nand/built-in.o
 .text.nand_do_write_oob
                0x31018cd4      0x1c0 drivers/mtd/nand/built-in.o
 .text.nand_default_block_markbad
                0x31018e94       0xf0 drivers/mtd/nand/built-in.o
 .text.nand_do_write_ops
                0x31018f84      0x368 drivers/mtd/nand/built-in.o
 .text.nand_write_oob
                0x310192ec       0xc4 drivers/mtd/nand/built-in.o
 .text.nand_write
                0x310193b0       0x80 drivers/mtd/nand/built-in.o
 .text.nand_transfer_oob
                0x31019430      0x114 drivers/mtd/nand/built-in.o
 .text.panic_nand_write
                0x31019544       0xc4 drivers/mtd/nand/built-in.o
 .text.nand_wait
                0x31019608       0xbc drivers/mtd/nand/built-in.o
 .text.nand_wait_status_ready
                0x310196c4       0x54 drivers/mtd/nand/built-in.o
 .text.nand_wait_ready
                0x31019718       0x54 drivers/mtd/nand/built-in.o
                0x31019718                nand_wait_ready
 .text.nand_do_read_ops
                0x3101976c      0x468 drivers/mtd/nand/built-in.o
 .text.nand_read_oob
                0x31019bd4      0x32c drivers/mtd/nand/built-in.o
 .text.nand_read
                0x31019f00       0x80 drivers/mtd/nand/built-in.o
 .text.nand_command
                0x31019f80      0x1e8 drivers/mtd/nand/built-in.o
 .text.nand_command_lp
                0x3101a168      0x25c drivers/mtd/nand/built-in.o
 .text.sanitize_string
                0x3101a3c4       0x38 drivers/mtd/nand/built-in.o
 .text.nand_scan_ident
                0x3101a3fc      0xc5c drivers/mtd/nand/built-in.o
                0x3101a3fc                nand_scan_ident
 .text.nand_scan
                0x3101b058       0x24 drivers/mtd/nand/built-in.o
                0x3101b058                nand_scan
 .text.nand_erase_nand
                0x3101b07c      0x268 drivers/mtd/nand/built-in.o
                0x3101b07c                nand_erase_nand
 .text.nand_block_markbad
                0x3101b2e4       0xe8 drivers/mtd/nand/built-in.o
 .text.nand_erase
                0x3101b3cc        0x8 drivers/mtd/nand/built-in.o
 .text.s3c24x0_hwcontrol
                0x3101b3d4       0x64 drivers/mtd/nand/built-in.o
 .text.s3c24x0_dev_ready
                0x3101b438       0x14 drivers/mtd/nand/built-in.o
 .text.board_nand_init
                0x3101b44c       0x64 drivers/mtd/nand/built-in.o
                0x3101b44c                board_nand_init
 .text.ubi_find_av
                0x3101b4b0       0x34 drivers/mtd/ubi/built-in.o
                0x3101b4b0                ubi_find_av
 .text.destroy_ai
                0x3101b4e4      0x208 drivers/mtd/ubi/built-in.o
 .text.add_to_list
                0x3101b6ec       0xd0 drivers/mtd/ubi/built-in.o
 .text.validate_vid_hdr
                0x3101b7bc      0x470 drivers/mtd/ubi/built-in.o
 .text.ubi_early_get_peb
                0x3101bc2c      0x1b4 drivers/mtd/ubi/built-in.o
                0x3101bc2c                ubi_early_get_peb
 .text.ubi_remove_av
                0x3101bde0       0x6c drivers/mtd/ubi/built-in.o
                0x3101bde0                ubi_remove_av
 .text.ubi_compare_lebs
                0x3101be4c      0x284 drivers/mtd/ubi/built-in.o
                0x3101be4c                ubi_compare_lebs
 .text.ubi_add_to_av
                0x3101c0d0      0x568 drivers/mtd/ubi/built-in.o
                0x3101c0d0                ubi_add_to_av
 .text.ubi_attach
                0x3101c638     0x10bc drivers/mtd/ubi/built-in.o
                0x3101c638                ubi_attach
 .text.ubi_get_device
                0x3101d6f4       0x20 drivers/mtd/ubi/built-in.o
                0x3101d6f4                ubi_get_device
 .text.ubi_put_device
                0x3101d714       0x10 drivers/mtd/ubi/built-in.o
                0x3101d714                ubi_put_device
 .text.kstrtoint
                0x3101d724       0x24 drivers/mtd/ubi/built-in.o
                0x3101d724                kstrtoint
 .text.ubi_mtd_param_parse
                0x3101d748      0x1e0 drivers/mtd/ubi/built-in.o
                0x3101d748                ubi_mtd_param_parse
 .text.ubi_free_internal_volumes
                0x3101d928       0x44 drivers/mtd/ubi/built-in.o
                0x3101d928                ubi_free_internal_volumes
 .text.kill_volumes
                0x3101d96c       0x40 drivers/mtd/ubi/built-in.o
 .text.uif_close
                0x3101d9ac        0x4 drivers/mtd/ubi/built-in.o
 .text.ubi_notify_all
                0x3101d9b0       0x60 drivers/mtd/ubi/built-in.o
                0x3101d9b0                ubi_notify_all
 .text.ubi_detach_mtd_dev
                0x3101da10       0xe0 drivers/mtd/ubi/built-in.o
                0x3101da10                ubi_detach_mtd_dev
 .text.ubi_exit
                0x3101daf0       0x5c drivers/mtd/ubi/built-in.o
                0x3101daf0                ubi_exit
 .text.ubi_attach_mtd_dev
                0x3101db4c      0x76c drivers/mtd/ubi/built-in.o
                0x3101db4c                ubi_attach_mtd_dev
 .text.ubi_init
                0x3101e2b8      0x140 drivers/mtd/ubi/built-in.o
                0x3101e2b8                ubi_init
 .text.ubi_volume_notify
                0x3101e3f8       0x38 drivers/mtd/ubi/built-in.o
                0x3101e3f8                ubi_volume_notify
 .text.create_vtbl
                0x3101e430      0x288 drivers/mtd/ubi/built-in.o
 .text.vtbl_check
                0x3101e6b8      0x324 drivers/mtd/ubi/built-in.o
 .text.ubi_read_volume_table
                0x3101e9dc      0x7ac drivers/mtd/ubi/built-in.o
                0x3101e9dc                ubi_read_volume_table
 .text.ubi_update_layout_vol
                0x3101f188       0x54 drivers/mtd/ubi/built-in.o
 .text.ubi_change_vtbl_record
                0x3101f1dc       0xd8 drivers/mtd/ubi/built-in.o
                0x3101f1dc                ubi_change_vtbl_record
 .text.ubi_free_volume
                0x3101f2b4       0x18 drivers/mtd/ubi/built-in.o
                0x3101f2b4                ubi_free_volume
 .text.self_check_volumes
                0x3101f2cc      0x3c0 drivers/mtd/ubi/built-in.o
 .text.ubi_add_volume
                0x3101f68c       0x30 drivers/mtd/ubi/built-in.o
                0x3101f68c                ubi_add_volume
 .text.vol_release
                0x3101f6bc       0x1c drivers/mtd/ubi/built-in.o
 .text.ubi_resize_volume
                0x3101f6d8      0x268 drivers/mtd/ubi/built-in.o
                0x3101f6d8                ubi_resize_volume
 .text.ubi_create_volume
                0x3101f940      0x4c8 drivers/mtd/ubi/built-in.o
                0x3101f940                ubi_create_volume
 .text.write_leb
                0x3101fe08       0xb8 drivers/mtd/ubi/built-in.o
 .text.clear_update_marker
                0x3101fec0       0xec drivers/mtd/ubi/built-in.o
 .text.ubi_more_update_data
                0x3101ffac      0x290 drivers/mtd/ubi/built-in.o
                0x3101ffac                ubi_more_update_data
 .text.ubi_start_update
                0x3102023c      0x180 drivers/mtd/ubi/built-in.o
                0x3102023c                ubi_start_update
 .text.ubi_do_get_device_info
                0x310203bc       0x34 drivers/mtd/ubi/built-in.o
                0x310203bc                ubi_do_get_device_info
 .text.ubi_do_get_volume_info
                0x310203f0       0x78 drivers/mtd/ubi/built-in.o
                0x310203f0                ubi_do_get_volume_info
 .text.ubi_get_volume_info
                0x31020468       0x14 drivers/mtd/ubi/built-in.o
                0x31020468                ubi_get_volume_info
 .text.ubi_is_mapped
                0x3102047c       0x44 drivers/mtd/ubi/built-in.o
                0x3102047c                ubi_is_mapped
 .text.ubi_get_device_info
                0x310204c0       0x3c drivers/mtd/ubi/built-in.o
                0x310204c0                ubi_get_device_info
 .text.ubi_leb_unmap
                0x310204fc       0x60 drivers/mtd/ubi/built-in.o
                0x310204fc                ubi_leb_unmap
 .text.ubi_leb_read
                0x3102055c      0x10c drivers/mtd/ubi/built-in.o
                0x3102055c                ubi_leb_read
 .text.ubi_close_volume
                0x31020668       0x7c drivers/mtd/ubi/built-in.o
                0x31020668                ubi_close_volume
 .text.ubi_open_volume
                0x310206e4      0x1c0 drivers/mtd/ubi/built-in.o
                0x310206e4                ubi_open_volume
 .text.ubi_open_volume_nm
                0x310208a4       0xc8 drivers/mtd/ubi/built-in.o
                0x310208a4                ubi_open_volume_nm
 .text.ubi_next_sqnum
                0x3102096c       0x2c drivers/mtd/ubi/built-in.o
                0x3102096c                ubi_next_sqnum
 .text.ubi_get_compat
                0x31020998       0x18 drivers/mtd/ubi/built-in.o
 .text.ltree_lookup
                0x310209b0       0x48 drivers/mtd/ubi/built-in.o
 .text.is_error_sane
                0x310209f8       0x2c drivers/mtd/ubi/built-in.o
 .text.ubi_eba_init
                0x31020a24      0x238 drivers/mtd/ubi/built-in.o
                0x31020a24                ubi_eba_init
 .text.leb_write_unlock
                0x31020c5c       0x38 drivers/mtd/ubi/built-in.o
 .text.leb_read_unlock
                0x31020c94       0x38 drivers/mtd/ubi/built-in.o
 .text.ltree_add_entry
                0x31020ccc       0xd0 drivers/mtd/ubi/built-in.o
 .text.leb_write_lock
                0x31020d9c       0x14 drivers/mtd/ubi/built-in.o
 .text.ubi_eba_copy_leb
                0x31020db0      0x400 drivers/mtd/ubi/built-in.o
                0x31020db0                ubi_eba_copy_leb
 .text.ubi_eba_unmap_leb
                0x310211b0       0x80 drivers/mtd/ubi/built-in.o
                0x310211b0                ubi_eba_unmap_leb
 .text.ubi_eba_write_leb_st
                0x31021230      0x490 drivers/mtd/ubi/built-in.o
                0x31021230                ubi_eba_write_leb_st
 .text.ubi_eba_write_leb
                0x310216c0      0x6dc drivers/mtd/ubi/built-in.o
                0x310216c0                ubi_eba_write_leb
 .text.ubi_eba_atomic_leb_change
                0x31021d9c      0x44c drivers/mtd/ubi/built-in.o
                0x31021d9c                ubi_eba_atomic_leb_change
 .text.ubi_eba_read_leb
                0x310221e8      0x228 drivers/mtd/ubi/built-in.o
                0x310221e8                ubi_eba_read_leb
 .text.erase_callback
                0x31022410        0x4 drivers/mtd/ubi/built-in.o
 .text.ubi_self_check_all_ff
                0x31022414       0xcc drivers/mtd/ubi/built-in.o
                0x31022414                ubi_self_check_all_ff
 .text.validate_ec_hdr
                0x310224e0      0x14c drivers/mtd/ubi/built-in.o
 .text.self_check_ec_hdr
                0x3102262c       0x80 drivers/mtd/ubi/built-in.o
 .text.self_check_vid_hdr
                0x310226ac       0x80 drivers/mtd/ubi/built-in.o
 .text.ubi_io_mark_bad
                0x3102272c       0x44 drivers/mtd/ubi/built-in.o
                0x3102272c                ubi_io_mark_bad
 .text.ubi_io_is_bad
                0x31022770       0x38 drivers/mtd/ubi/built-in.o
                0x31022770                ubi_io_is_bad
 .text.self_check_not_bad
                0x310227a8       0x2c drivers/mtd/ubi/built-in.o
 .text.ubi_io_read
                0x310227d4       0xd4 drivers/mtd/ubi/built-in.o
                0x310227d4                ubi_io_read
 .text.self_check_peb_ec_hdr
                0x310228a8       0xec drivers/mtd/ubi/built-in.o
 .text.ubi_io_read_vid_hdr
                0x31022994      0x17c drivers/mtd/ubi/built-in.o
                0x31022994                ubi_io_read_vid_hdr
 .text.ubi_io_read_ec_hdr
                0x31022b10      0x16c drivers/mtd/ubi/built-in.o
                0x31022b10                ubi_io_read_ec_hdr
 .text.ubi_io_write
                0x31022c7c      0x348 drivers/mtd/ubi/built-in.o
                0x31022c7c                ubi_io_write
 .text.ubi_io_write_vid_hdr
                0x31022fc4       0xdc drivers/mtd/ubi/built-in.o
                0x31022fc4                ubi_io_write_vid_hdr
 .text.ubi_io_write_ec_hdr
                0x310230a0      0x17c drivers/mtd/ubi/built-in.o
                0x310230a0                ubi_io_write_ec_hdr
 .text.do_sync_erase
                0x3102321c      0x130 drivers/mtd/ubi/built-in.o
 .text.ubi_io_sync_erase
                0x3102334c      0x284 drivers/mtd/ubi/built-in.o
                0x3102334c                ubi_io_sync_erase
 .text.do_work  0x310235d0       0x50 drivers/mtd/ubi/built-in.o
                0x310235d0                do_work
 .text.in_wl_tree
                0x31023620       0x5c drivers/mtd/ubi/built-in.o
 .text.prot_queue_add
                0x3102367c       0x30 drivers/mtd/ubi/built-in.o
 .text.__schedule_ubi_work
                0x310236ac       0x34 drivers/mtd/ubi/built-in.o
 .text.schedule_ubi_work
                0x310236e0        0x4 drivers/mtd/ubi/built-in.o
 .text.ubi_wl_flush
                0x310236e4       0xb0 drivers/mtd/ubi/built-in.o
                0x310236e4                ubi_wl_flush
 .text.shutdown_work
                0x31023794       0x5c drivers/mtd/ubi/built-in.o
 .text.self_check_in_wl_tree
                0x310237f0       0x30 drivers/mtd/ubi/built-in.o
 .text.prot_queue_del
                0x31023820       0x94 drivers/mtd/ubi/built-in.o
 .text.find_wl_entry
                0x310238b4       0x88 drivers/mtd/ubi/built-in.o
 .text.get_peb_for_wl
                0x3102393c       0x50 drivers/mtd/ubi/built-in.o
 .text.ubi_wl_get_peb
                0x3102398c      0x104 drivers/mtd/ubi/built-in.o
                0x3102398c                ubi_wl_get_peb
 .text.wl_entry_destroy
                0x31023a90       0x18 drivers/mtd/ubi/built-in.o
 .text.tree_destroy
                0x31023aa8       0x64 drivers/mtd/ubi/built-in.o
 .text.ubi_wl_close
                0x31023b0c       0xc0 drivers/mtd/ubi/built-in.o
                0x31023b0c                ubi_wl_close
 .text.schedule_erase
                0x31023bcc       0x5c drivers/mtd/ubi/built-in.o
 .text.ensure_wear_leveling
                0x31023c28       0xdc drivers/mtd/ubi/built-in.o
 .text.wl_tree_add
                0x31023d04       0x6c drivers/mtd/ubi/built-in.o
 .text.ubi_wl_init
                0x31023d70      0x328 drivers/mtd/ubi/built-in.o
                0x31023d70                ubi_wl_init
 .text.erase_worker
                0x31024098      0x484 drivers/mtd/ubi/built-in.o
 .text.ubi_wl_scrub_peb
                0x3102451c      0x104 drivers/mtd/ubi/built-in.o
                0x3102451c                ubi_wl_scrub_peb
 .text.ubi_wl_put_peb
                0x31024620      0x160 drivers/mtd/ubi/built-in.o
                0x31024620                ubi_wl_put_peb
 .text.wear_leveling_worker
                0x31024780      0x440 drivers/mtd/ubi/built-in.o
 .text.crc32_le
                0x31024bc0      0x100 drivers/mtd/ubi/built-in.o
                0x31024bc0                crc32_le
 .text.ubi_calc_data_len
                0x31024cc0       0x34 drivers/mtd/ubi/built-in.o
                0x31024cc0                ubi_calc_data_len
 .text.ubi_calculate_reserved
                0x31024cf4       0x20 drivers/mtd/ubi/built-in.o
                0x31024cf4                ubi_calculate_reserved
 .text.ubi_check_pattern
                0x31024d14       0x30 drivers/mtd/ubi/built-in.o
                0x31024d14                ubi_check_pattern
 .text.ubi_update_reserved
                0x31024d44       0x58 drivers/mtd/ubi/built-in.o
                0x31024d44                ubi_update_reserved
 .text.ubi_check_volume
                0x31024d9c       0xb4 drivers/mtd/ubi/built-in.o
                0x31024d9c                ubi_check_volume
 .text.ubi_dump_ec_hdr
                0x31024e50        0x4 drivers/mtd/ubi/built-in.o
                0x31024e50                ubi_dump_ec_hdr
 .text.ubi_dump_vid_hdr
                0x31024e54        0x4 drivers/mtd/ubi/built-in.o
                0x31024e54                ubi_dump_vid_hdr
 .text.ubi_dump_av
                0x31024e58        0x4 drivers/mtd/ubi/built-in.o
                0x31024e58                ubi_dump_av
 .text.ubi_dump_aeb
                0x31024e5c        0x4 drivers/mtd/ubi/built-in.o
                0x31024e5c                ubi_dump_aeb
 .text.ubi_debugfs_init
                0x31024e60        0x8 drivers/mtd/ubi/built-in.o
                0x31024e60                ubi_debugfs_init
 .text.ubi_debugfs_exit
                0x31024e68        0x4 drivers/mtd/ubi/built-in.o
                0x31024e68                ubi_debugfs_exit
 .text.ubi_debugfs_init_dev
                0x31024e6c        0x8 drivers/mtd/ubi/built-in.o
                0x31024e6c                ubi_debugfs_init_dev
 .text.ubi_debugfs_exit_dev
                0x31024e74        0x4 drivers/mtd/ubi/built-in.o
                0x31024e74                ubi_debugfs_exit_dev
 .text.ubi_dbg_power_cut
                0x31024e78        0x8 drivers/mtd/ubi/built-in.o
                0x31024e78                ubi_dbg_power_cut
 .text.ubi_dump_vtbl_record
                0x31024e80       0x3c drivers/mtd/ubi/built-in.o
                0x31024e80                ubi_dump_vtbl_record
 .text.ubi_dump_vol_info
                0x31024ebc      0x150 drivers/mtd/ubi/built-in.o
                0x31024ebc                ubi_dump_vol_info
 .text.ubi_dump_flash
                0x3102500c       0x8c drivers/mtd/ubi/built-in.o
                0x3102500c                ubi_dump_flash
 .text.serial_null
                0x31025098        0x4 drivers/serial/built-in.o
                0x31025098                jz_serial_initialize
                0x31025098                bfin_serial_initialize
                0x31025098                p3mx_serial_initialize
                0x31025098                leon2_serial_initialize
                0x31025098                leon3_serial_initialize
                0x31025098                stm32_serial_initialize
                0x31025098                amirix_serial_initialize
                0x31025098                marvell_serial_initialize
                0x31025098                cpci750_serial_initialize
                0x31025098                ns16550_serial_initialize
                0x31025098                asc_serial_initialize
                0x31025098                oc_serial_initialize
                0x31025098                sh_serial_initialize
                0x31025098                mxs_auart_initialize
                0x31025098                arm_dcc_initialize
                0x31025098                bmw_serial_initialize
                0x31025098                arc_serial_initialize
                0x31025098                mcf_serial_initialize
                0x31025098                lh7a40x_serial_initialize
                0x31025098                evb64260_serial_initialize
                0x31025098                lpc32xx_serial_initialize
                0x31025098                max3100_serial_initialize
                0x31025098                mpc85xx_serial_initialize
                0x31025098                imx_serial_initialize
                0x31025098                bfin_jtag_initialize
                0x31025098                cogent_serial_initialize
                0x31025098                clps7111_serial_initialize
                0x31025098                ml2_serial_initialize
                0x31025098                sandbox_serial_initialize
                0x31025098                sconsole_serial_initialize
                0x31025098                uartlite_serial_initialize
                0x31025098                au1x00_serial_initialize
                0x31025098                pxa_serial_initialize
                0x31025098                atmel_serial_initialize
                0x31025098                pl01x_serial_initialize
                0x31025098                mpc512x_serial_initialize
                0x31025098                s5p_serial_initialize
                0x31025098                zynq_serial_initialize
                0x31025098                sa1100_serial_initialize
                0x31025098                mpc8260_scc_serial_initialize
                0x31025098                mxc_serial_initialize
                0x31025098                iop480_serial_initialize
                0x31025098                mpc8xx_serial_initialize
                0x31025098                mpc8260_smc_serial_initialize
                0x31025098                mpc5xx_serial_initialize
 .text.serial_register
                0x3102509c       0x18 drivers/serial/built-in.o
                0x3102509c                serial_register
 .text.serial_stub_start
                0x310250b4       0x14 drivers/serial/built-in.o
 .text.serial_stub_stop
                0x310250c8       0x14 drivers/serial/built-in.o
 .text.serial_stub_putc
                0x310250dc       0x18 drivers/serial/built-in.o
 .text.serial_stub_puts
                0x310250f4       0x18 drivers/serial/built-in.o
 .text.serial_stub_getc
                0x3102510c       0x14 drivers/serial/built-in.o
                0x3102510c                serial_stub_getc
 .text.serial_stub_tstc
                0x31025120       0x14 drivers/serial/built-in.o
                0x31025120                serial_stub_tstc
 .text.get_current
                0x31025134       0x3c drivers/serial/built-in.o
 .text.serial_puts
                0x31025170       0x1c drivers/serial/built-in.o
                0x31025170                serial_puts
 .text.serial_putc
                0x3102518c       0x1c drivers/serial/built-in.o
                0x3102518c                serial_putc
 .text.serial_tstc
                0x310251a8       0x14 drivers/serial/built-in.o
                0x310251a8                serial_tstc
 .text.serial_getc
                0x310251bc       0x14 drivers/serial/built-in.o
                0x310251bc                serial_getc
 .text.serial_setbrg
                0x310251d0       0x14 drivers/serial/built-in.o
                0x310251d0                serial_setbrg
 .text.on_baudrate
                0x310251e4       0xf0 drivers/serial/built-in.o
 .text.serial_init
                0x310252d4       0x20 drivers/serial/built-in.o
                0x310252d4                serial_init
 .text.serial_assign
                0x310252f4       0x50 drivers/serial/built-in.o
                0x310252f4                serial_assign
 .text.serial_initialize
                0x31025344       0xc8 drivers/serial/built-in.o
                0x31025344                serial_initialize
 .text.serial_stdio_init
                0x3102540c       0xa8 drivers/serial/built-in.o
                0x3102540c                serial_stdio_init
 .text._serial_getc
                0x310254b4       0x24 drivers/serial/built-in.o
 .text._serial_tstc
                0x310254d8       0x14 drivers/serial/built-in.o
 .text.s3serial0_getc
                0x310254ec        0x8 drivers/serial/built-in.o
                0x310254ec                s3serial0_getc
 .text.s3serial0_tstc
                0x310254f4        0x8 drivers/serial/built-in.o
                0x310254f4                s3serial0_tstc
 .text.s3serial1_getc
                0x310254fc        0x8 drivers/serial/built-in.o
                0x310254fc                s3serial1_getc
 .text.s3serial1_tstc
                0x31025504        0x8 drivers/serial/built-in.o
                0x31025504                s3serial1_tstc
 .text.s3serial2_getc
                0x3102550c        0x8 drivers/serial/built-in.o
                0x3102550c                s3serial2_getc
 .text.s3serial2_tstc
                0x31025514        0x8 drivers/serial/built-in.o
                0x31025514                s3serial2_tstc
 .text.default_serial_console
                0x3102551c        0xc drivers/serial/built-in.o
                0x3102551c                default_serial_console
 .text.s3c24xx_serial_initialize
                0x31025528       0x2c drivers/serial/built-in.o
                0x31025528                s3c24xx_serial_initialize
 .text._serial_putc
                0x31025554       0x38 drivers/serial/built-in.o
 .text._serial_puts
                0x3102558c       0x30 drivers/serial/built-in.o
 .text.s3serial2_puts
                0x310255bc        0x8 drivers/serial/built-in.o
                0x310255bc                s3serial2_puts
 .text.s3serial1_puts
                0x310255c4        0x8 drivers/serial/built-in.o
                0x310255c4                s3serial1_puts
 .text.s3serial0_puts
                0x310255cc        0x8 drivers/serial/built-in.o
                0x310255cc                s3serial0_puts
 .text.s3serial2_putc
                0x310255d4        0x8 drivers/serial/built-in.o
                0x310255d4                s3serial2_putc
 .text.s3serial1_putc
                0x310255dc        0x8 drivers/serial/built-in.o
                0x310255dc                s3serial1_putc
 .text.s3serial0_putc
                0x310255e4        0x8 drivers/serial/built-in.o
                0x310255e4                s3serial0_putc
 .text._serial_setbrg
                0x310255ec       0x2c drivers/serial/built-in.o
 .text.s3serial2_setbrg
                0x31025618        0x8 drivers/serial/built-in.o
                0x31025618                s3serial2_setbrg
 .text.s3serial1_setbrg
                0x31025620        0x8 drivers/serial/built-in.o
                0x31025620                s3serial1_setbrg
 .text.s3serial0_setbrg
                0x31025628        0x8 drivers/serial/built-in.o
                0x31025628                s3serial0_setbrg
 .text.serial_init_dev
                0x31025630       0x3c drivers/serial/built-in.o
 .text.s3serial2_init
                0x3102566c        0x8 drivers/serial/built-in.o
                0x3102566c                s3serial2_init
 .text.s3serial1_init
                0x31025674        0x8 drivers/serial/built-in.o
                0x31025674                s3serial1_init
 .text.s3serial0_init
                0x3102567c        0x8 drivers/serial/built-in.o
                0x3102567c                s3serial0_init
 .text.fs_ls_unsupported
                0x31025684        0x8 fs/built-in.o
 .text.fs_exists_unsupported
                0x3102568c        0x8 fs/built-in.o
 .text.fs_size_unsupported
                0x31025694        0x8 fs/built-in.o
 .text.fs_read_unsupported
                0x3102569c        0x8 fs/built-in.o
 .text.fs_write_unsupported
                0x310256a4        0x8 fs/built-in.o
 .text.fs_close_unsupported
                0x310256ac        0x4 fs/built-in.o
 .text.fs_uuid_unsupported
                0x310256b0        0x8 fs/built-in.o
 .text.fs_get_info
                0x310256b8       0x40 fs/built-in.o
 .text.fs_close
                0x310256f8       0x28 fs/built-in.o
 .text.fs_ls    0x31025720       0x3c fs/built-in.o
                0x31025720                fs_ls
 .text.fs_exists
                0x3102575c       0x34 fs/built-in.o
                0x3102575c                fs_exists
 .text.fs_size  0x31025790       0x3c fs/built-in.o
                0x31025790                fs_size
 .text.fs_probe_unsupported
                0x310257cc       0x18 fs/built-in.o
 .text.fs_read  0x310257e4       0xa4 fs/built-in.o
                0x310257e4                fs_read
 .text.fs_set_blk_dev
                0x31025888       0xb0 fs/built-in.o
                0x31025888                fs_set_blk_dev
 .text.file_exists
                0x31025938       0x2c fs/built-in.o
                0x31025938                file_exists
 .text.do_ls    0x31025964       0x68 fs/built-in.o
                0x31025964                do_ls
 .text.do_load  0x310259cc      0x258 fs/built-in.o
                0x310259cc                do_load
 .text.do_size  0x31025c24       0x5c fs/built-in.o
                0x31025c24                do_size
 .text.get_fs   0x31025c80        0xc fs/built-in.o
                0x31025c80                get_fs
 .text.ext4fs_uuid
                0x31025c8c       0x1c fs/built-in.o
                0x31025c8c                ext4fs_uuid
 .text.ext4fs_size
                0x31025ca8        0x4 fs/built-in.o
                0x31025ca8                ext4fs_size
 .text.ext4fs_exists
                0x31025cac       0x18 fs/built-in.o
                0x31025cac                ext4fs_exists
 .text.ext4fs_probe
                0x31025cc4       0x2c fs/built-in.o
                0x31025cc4                ext4fs_probe
 .text.ext4fs_read_file
                0x31025cf0      0x3bc fs/built-in.o
                0x31025cf0                ext4fs_read_file
 .text.ext4fs_read
                0x310260ac       0x68 fs/built-in.o
                0x310260ac                ext4fs_read
 .text.ext4_read_file
                0x31026114       0x84 fs/built-in.o
                0x31026114                ext4_read_file
 .text.ext4fs_free_node
                0x31026198       0x20 fs/built-in.o
                0x31026198                ext4fs_free_node
 .text.ext4fs_ls
                0x310261b8       0x74 fs/built-in.o
                0x310261b8                ext4fs_ls
 .text.ext4fs_reinit_global
                0x3102622c       0xbc fs/built-in.o
                0x3102622c                ext4fs_reinit_global
 .text.ext4fs_close
                0x310262e8       0x60 fs/built-in.o
                0x310262e8                ext4fs_close
 .text.read_allocated_block
                0x31026348      0x994 fs/built-in.o
                0x31026348                read_allocated_block
 .text.ext4fs_read_inode
                0x31026cdc      0x12c fs/built-in.o
                0x31026cdc                ext4fs_read_inode
 .text.ext4fs_mount
                0x31026e08       0xf0 fs/built-in.o
                0x31026e08                ext4fs_mount
 .text.ext4fs_iterate_dir
                0x31026ef8      0x2d8 fs/built-in.o
                0x31026ef8                ext4fs_iterate_dir
 .text.ext4fs_find_file1
                0x310271d0      0x2e4 fs/built-in.o
 .text.ext4fs_find_file
                0x310274b4       0x7c fs/built-in.o
                0x310274b4                ext4fs_find_file
 .text.ext4fs_open
                0x31027530       0xac fs/built-in.o
                0x31027530                ext4fs_open
 .text.ext4fs_set_blk_dev
                0x310275dc       0x6c fs/built-in.o
                0x310275dc                ext4fs_set_blk_dev
 .text.ext4fs_devread
                0x31027648      0x288 fs/built-in.o
                0x31027648                ext4fs_devread
 .text.ext4_read_superblock
                0x310278d0       0x3c fs/built-in.o
                0x310278d0                ext4_read_superblock
 .text.downcase
                0x3102790c       0x38 fs/built-in.o
 .text.disk_read
                0x31027944       0x64 fs/built-in.o
 .text.dirdelim
                0x310279a8       0x34 fs/built-in.o
 .text.get_fatent
                0x310279dc      0x190 fs/built-in.o
 .text.slot2str
                0x31027b6c       0xd0 fs/built-in.o
 .text.mkcksum  0x31027c3c       0x58 fs/built-in.o
 .text.fat_close
                0x31027c94        0x4 fs/built-in.o
                0x31027c94                fat_close
 .text.get_name
                0x31027c98       0xbc fs/built-in.o
 .text.read_bootsectandvi
                0x31027d54      0x12c fs/built-in.o
 .text.file_fat_detectfs
                0x31027e80       0x90 fs/built-in.o
                0x31027e80                file_fat_detectfs
 .text.get_cluster
                0x31027f10      0x178 fs/built-in.o
 .text.get_vfatname
                0x31028088      0x1cc fs/built-in.o
 .text.do_fat_read_at
                0x31028254      0xd60 fs/built-in.o
                0x31028254                do_fat_read_at
 .text.file_fat_read_at
                0x31028fb4       0x60 fs/built-in.o
                0x31028fb4                file_fat_read_at
 .text.fat_read_file
                0x31029014       0x48 fs/built-in.o
                0x31029014                fat_read_file
 .text.fat_size
                0x3102905c       0x40 fs/built-in.o
                0x3102905c                fat_size
 .text.fat_exists
                0x3102909c       0x4c fs/built-in.o
                0x3102909c                fat_exists
 .text.do_fat_read
                0x310290e8       0x3c fs/built-in.o
                0x310290e8                do_fat_read
 .text.file_fat_ls
                0x31029124       0x2c fs/built-in.o
                0x31029124                file_fat_ls
 .text.fat_set_blk_dev
                0x31029150       0xd8 fs/built-in.o
                0x31029150                fat_set_blk_dev
 .text.ubifs_close
                0x31029228        0x4 fs/built-in.o
                0x31029228                ubifs_close
 .text.uboot_ubifs_umount
                0x3102922c       0x44 fs/built-in.o
                0x3102922c                uboot_ubifs_umount
 .text.ubifs_decompress
                0x31029270       0x90 fs/built-in.o
                0x31029270                ubifs_decompress
 .text.ubifs_findfile
                0x31029300      0x374 fs/built-in.o
 .text.ubifs_size
                0x31029674       0x9c fs/built-in.o
                0x31029674                ubifs_size
 .text.ubifs_exists
                0x31029710       0x50 fs/built-in.o
                0x31029710                ubifs_exists
 .text.ubifs_ls
                0x31029760      0x580 fs/built-in.o
                0x31029760                ubifs_ls
 .text.kmemdup  0x31029ce0       0x34 fs/built-in.o
                0x31029ce0                kmemdup
 .text.compr_init
                0x31029d14       0xa0 fs/built-in.o
 .text.ubifs_compressors_init