
Discarded input sections

 .data          0x00000000        0x0 arch/arm/cpu/arm926ejs/start.o
 .bss           0x00000000        0x0 arch/arm/cpu/arm926ejs/start.o
 .text          0x00000000        0x0 arch/arm/cpu/arm926ejs/built-in.o
 .text.cleanup_before_linux
                0x00000000        0x0 arch/arm/cpu/arm926ejs/built-in.o
 .text.invalidate_dcache_all
                0x00000000        0x0 arch/arm/cpu/arm926ejs/built-in.o
 .text.flush_dcache_all
                0x00000000        0x0 arch/arm/cpu/arm926ejs/built-in.o
 .text.l2_cache_disable
                0x00000000        0x0 arch/arm/cpu/arm926ejs/built-in.o
 .text.flush_dcache_range
                0x00000000        0x0 arch/arm/cpu/arm926ejs/built-in.o
 .text.invalidate_dcache_range
                0x00000000        0x0 arch/arm/cpu/arm926ejs/built-in.o
 .data          0x00000000        0x0 arch/arm/cpu/arm926ejs/built-in.o
 .bss           0x00000000        0x0 arch/arm/cpu/arm926ejs/built-in.o
 .text.arch_reserve_stacks
                0x00000000        0x0 arch/arm/lib/built-in.o
 .text.interrupt_init
                0x00000000        0x0 arch/arm/lib/built-in.o
 .text.enable_interrupts
                0x00000000        0x0 arch/arm/lib/built-in.o
 .text.disable_interrupts
                0x00000000        0x0 arch/arm/lib/built-in.o
 .text.show_regs
                0x00000000        0x0 arch/arm/lib/built-in.o
 .text.bad_mode
                0x00000000        0x0 arch/arm/lib/built-in.o
 .text.do_irq   0x00000000        0x0 arch/arm/lib/built-in.o
 .text.do_fiq   0x00000000        0x0 arch/arm/lib/built-in.o
 .text.do_not_used
                0x00000000        0x0 arch/arm/lib/built-in.o
 .text.do_data_abort
                0x00000000        0x0 arch/arm/lib/built-in.o
 .text.do_prefetch_abort
                0x00000000        0x0 arch/arm/lib/built-in.o
 .text.do_software_interrupt
                0x00000000        0x0 arch/arm/lib/built-in.o
 .text.do_undefined_instruction
                0x00000000        0x0 arch/arm/lib/built-in.o
 .text.reset_misc
                0x00000000        0x0 arch/arm/lib/built-in.o
 .text.do_reset
                0x00000000        0x0 arch/arm/lib/built-in.o
 .text.enable_caches
                0x00000000        0x0 arch/arm/lib/built-in.o
 .text.invalidate_dcache_range
                0x00000000        0x0 arch/arm/lib/built-in.o
 .text.flush_dcache_range
                0x00000000        0x0 arch/arm/lib/built-in.o
 .text.flush_cache
                0x00000000        0x0 arch/arm/lib/built-in.o
 .text.flush_dcache_all
                0x00000000        0x0 arch/arm/lib/built-in.o
 .text.check_cache_range
                0x00000000        0x0 arch/arm/lib/built-in.o
 .text.arm_init_before_mmu
                0x00000000        0x0 arch/arm/lib/built-in.o
 .text.arm_init_domains
                0x00000000        0x0 arch/arm/lib/built-in.o
 .text.cp_delay
                0x00000000        0x0 arch/arm/lib/built-in.o
 .text.set_section_dcache
                0x00000000        0x0 arch/arm/lib/built-in.o
 .text.mmu_page_table_flush
                0x00000000        0x0 arch/arm/lib/built-in.o
 .text.mmu_set_region_dcache_behaviour
                0x00000000        0x0 arch/arm/lib/built-in.o
 .text.dram_bank_mmu_setup
                0x00000000        0x0 arch/arm/lib/built-in.o
 .text.cache_enable
                0x00000000        0x0 arch/arm/lib/built-in.o
 .text.icache_enable
                0x00000000        0x0 arch/arm/lib/built-in.o
 .text.icache_status
                0x00000000        0x0 arch/arm/lib/built-in.o
 .text.dcache_enable
                0x00000000        0x0 arch/arm/lib/built-in.o
 .text.dcache_status
                0x00000000        0x0 arch/arm/lib/built-in.o
 .text.cache_disable
                0x00000000        0x0 arch/arm/lib/built-in.o
 .text.dcache_disable
                0x00000000        0x0 arch/arm/lib/built-in.o
 .text.icache_disable
                0x00000000        0x0 arch/arm/lib/built-in.o
 .text.fdt_psci
                0x00000000        0x0 arch/arm/lib/built-in.o
 .rodata.str1.1
                0x00000000        0x0 arch/arm/lib/built-in.o
 .data          0x00000000        0x0 arch/arm/lib/built-in.o
 .__secure_stack_end
                0x00000000        0x0 arch/arm/lib/built-in.o
 .__rel_dyn_start
                0x00000000        0x0 arch/arm/lib/built-in.o
 .__rel_dyn_end
                0x00000000        0x0 arch/arm/lib/built-in.o
 .__image_copy_end
                0x00000000        0x0 arch/arm/lib/built-in.o
 .__image_copy_start
                0x00000000        0x0 arch/arm/lib/built-in.o
 .__efi_runtime_rel_start
                0x00000000        0x0 arch/arm/lib/built-in.o
 .__secure_stack_start
                0x00000000        0x0 arch/arm/lib/built-in.o
 .__bss_end     0x00000000        0x0 arch/arm/lib/built-in.o
 .__secure_start
                0x00000000        0x0 arch/arm/lib/built-in.o
 .__end         0x00000000        0x0 arch/arm/lib/built-in.o
 .__efi_runtime_stop
                0x00000000        0x0 arch/arm/lib/built-in.o
 .__efi_runtime_start
                0x00000000        0x0 arch/arm/lib/built-in.o
 .__efi_runtime_rel_stop
                0x00000000        0x0 arch/arm/lib/built-in.o
 .__secure_end  0x00000000        0x0 arch/arm/lib/built-in.o
 .__bss_start   0x00000000        0x0 arch/arm/lib/built-in.o
 .bss           0x00000000        0x0 arch/arm/lib/built-in.o
 .text.board_early_init_f
                0x00000000        0x0 board/samsung/fs2416/built-in.o
 .text.dram_init
                0x00000000        0x0 board/samsung/fs2416/built-in.o
 .text.board_eth_init
                0x00000000        0x0 board/samsung/fs2416/built-in.o
 .text.board_init
                0x00000000        0x0 board/samsung/fs2416/built-in.o
 .text.nand_read_one_byte
                0x00000000        0x0 board/samsung/fs2416/built-in.o
 .data          0x00000000        0x0 board/samsung/fs2416/built-in.o
 .bss           0x00000000        0x0 board/samsung/fs2416/built-in.o
 .text          0x00000000        0x0 common/init/built-in.o
 .text.show_boot_progress
                0x00000000        0x0 common/init/built-in.o
 .data          0x00000000        0x0 common/init/built-in.o
 .bss           0x00000000        0x0 common/init/built-in.o
 .text          0x00000000        0x0 arch/arm/lib/eabi_compat.o
 .data          0x00000000        0x0 arch/arm/lib/eabi_compat.o
 .bss           0x00000000        0x0 arch/arm/lib/eabi_compat.o
 .text.raise    0x00000000        0x0 arch/arm/lib/eabi_compat.o
 .text.__aeabi_unwind_cpp_pr0
                0x00000000        0x0 arch/arm/lib/eabi_compat.o
 .text.__aeabi_unwind_cpp_pr1
                0x00000000        0x0 arch/arm/lib/eabi_compat.o
 .text.__aeabi_memset
                0x00000000        0x0 arch/arm/lib/eabi_compat.o
 .text.__aeabi_memcpy
                0x00000000        0x0 arch/arm/lib/eabi_compat.o

Memory Configuration

Name             Origin             Length             Attributes
*default*        0x00000000         0xffffffff

Linker script and memory map

                0x00000000                . = 0x0
                0x00000000                . = ALIGN (0x4)

.text           0x00000000      0x51c
                0x00000000                __image_copy_start = .
 *(.vectors)
 .vectors       0x00000000       0x60 arch/arm/lib/built-in.o
                0x00000030                _not_used
                0x0000002c                _data_abort
                0x00000034                _irq
                0x00000028                _prefetch_abort
                0x00000000                _start
                0x00000038                _fiq
                0x00000020                _undefined_instruction
                0x00000024                _software_interrupt
 arch/arm/cpu/arm926ejs/start.o(.text*)
 .text          0x00000060       0x5c arch/arm/cpu/arm926ejs/start.o
                0x00000060                reset
                0x00000078                c_runtime_cpu_setup
 *(.text*)
 .text          0x000000bc       0x64 arch/arm/lib/built-in.o
                0x000000bc                _main
 .text          0x00000120      0x240 board/samsung/fs2416/built-in.o
                0x00000120                lowlevel_init
 .text.nand_write_cmmd
                0x00000360        0xc board/samsung/fs2416/built-in.o
                0x00000360                nand_write_cmmd
 .text.nand_write_addr
                0x0000036c        0xc board/samsung/fs2416/built-in.o
                0x0000036c                nand_write_addr
 .text.nand_chip_enable
                0x00000378       0x14 board/samsung/fs2416/built-in.o
                0x00000378                nand_chip_enable
 .text.nand_chip_disable
                0x0000038c       0x14 board/samsung/fs2416/built-in.o
                0x0000038c                nand_chip_disable
 .text.nand_clear_Rnb
                0x000003a0       0x14 board/samsung/fs2416/built-in.o
                0x000003a0                nand_clear_Rnb
 .text.nand_wait_Rnb_ready
                0x000003b4       0x14 board/samsung/fs2416/built-in.o
                0x000003b4                nand_wait_Rnb_ready
 .text.nand_reset
                0x000003c8       0x1c board/samsung/fs2416/built-in.o
                0x000003c8                nand_reset
 .text.copy_u_boot_to_dram
                0x000003e4      0x10c board/samsung/fs2416/built-in.o
                0x000003e4                copy_u_boot_to_dram
 .text.board_init_f_alloc_reserve
                0x000004f0        0xc common/init/built-in.o
                0x000004f0                board_init_f_alloc_reserve
 .text.board_init_f_init_reserve
                0x000004fc       0x20 common/init/built-in.o
                0x000004fc                board_init_f_init_reserve

.glue_7         0x0000051c        0x0
 .glue_7        0x0000051c        0x0 arch/arm/cpu/arm926ejs/start.o
 .glue_7        0x0000051c        0x0 arch/arm/cpu/arm926ejs/built-in.o
 .glue_7        0x0000051c        0x0 arch/arm/lib/built-in.o
 .glue_7        0x0000051c        0x0 board/samsung/fs2416/built-in.o
 .glue_7        0x0000051c        0x0 common/init/built-in.o
 .glue_7        0x0000051c        0x0 arch/arm/lib/eabi_compat.o

.glue_7t        0x0000051c        0x0
 .glue_7t       0x0000051c        0x0 arch/arm/cpu/arm926ejs/start.o
 .glue_7t       0x0000051c        0x0 arch/arm/cpu/arm926ejs/built-in.o
 .glue_7t       0x0000051c        0x0 arch/arm/lib/built-in.o
 .glue_7t       0x0000051c        0x0 board/samsung/fs2416/built-in.o
 .glue_7t       0x0000051c        0x0 common/init/built-in.o
 .glue_7t       0x0000051c        0x0 arch/arm/lib/eabi_compat.o

.vfp11_veneer   0x0000051c        0x0
 .vfp11_veneer  0x0000051c        0x0 arch/arm/cpu/arm926ejs/start.o
 .vfp11_veneer  0x0000051c        0x0 arch/arm/cpu/arm926ejs/built-in.o
 .vfp11_veneer  0x0000051c        0x0 arch/arm/lib/built-in.o
 .vfp11_veneer  0x0000051c        0x0 board/samsung/fs2416/built-in.o
 .vfp11_veneer  0x0000051c        0x0 common/init/built-in.o
 .vfp11_veneer  0x0000051c        0x0 arch/arm/lib/eabi_compat.o

.janus_2cc_veneer
                0x0000051c        0x0
 .janus_2cc_veneer
                0x0000051c        0x0 arch/arm/cpu/arm926ejs/start.o
 .janus_2cc_veneer
                0x0000051c        0x0 arch/arm/cpu/arm926ejs/built-in.o
 .janus_2cc_veneer
                0x0000051c        0x0 arch/arm/lib/built-in.o
 .janus_2cc_veneer
                0x0000051c        0x0 board/samsung/fs2416/built-in.o
 .janus_2cc_veneer
                0x0000051c        0x0 common/init/built-in.o
 .janus_2cc_veneer
                0x0000051c        0x0 arch/arm/lib/eabi_compat.o

.v4_bx          0x0000051c        0x0
 .v4_bx         0x0000051c        0x0 arch/arm/cpu/arm926ejs/start.o
 .v4_bx         0x0000051c        0x0 arch/arm/cpu/arm926ejs/built-in.o
 .v4_bx         0x0000051c        0x0 arch/arm/lib/built-in.o
 .v4_bx         0x0000051c        0x0 board/samsung/fs2416/built-in.o
 .v4_bx         0x0000051c        0x0 common/init/built-in.o
 .v4_bx         0x0000051c        0x0 arch/arm/lib/eabi_compat.o
                0x0000051c                . = ALIGN (0x4)

.rodata
 *(SORT(.rodata*))
                0x0000051c                . = ALIGN (0x4)

.data
 *(.data*)
                0x0000051c                . = ALIGN (0x4)

.u_boot_list
 *(SORT(.u_boot_list*))
                0x0000051c                . = ALIGN (0x4)
                0x0000051c                __image_copy_end = .

.rel.dyn        0x0000051c        0x0
                0x0000051c                __rel_dyn_start = .
 *(.rel*)
                0x0000051c                __rel_dyn_end = .

.end
 *(.__end)
                0x0000051c                _image_binary_end = .

.bss            0x0000051c        0x0
                0x0000051c                __bss_start = .
 *(.bss*)
                0x0000051c                . = ALIGN (0x4)
                0x0000051c                __bss_end = .
                0x00000000                __bss_size = (__bss_end - __bss_start)

.dynsym
 *(.dynsym)

.dynbss
 *(.dynbss)

.dynstr
 *(.dynstr*)

.dynamic
 *(.dynamic*)

.hash
 *(.hash*)

.plt
 *(.plt*)

.interp
 *(.interp*)

.gnu
 *(.gnu*)

.ARM.exidx
 *(.ARM.exidx*)
LOAD arch/arm/cpu/arm926ejs/start.o
START GROUP
LOAD arch/arm/cpu/arm926ejs/built-in.o
LOAD arch/arm/cpu/built-in.o
LOAD arch/arm/lib/built-in.o
LOAD board/samsung/fs2416/built-in.o
LOAD board/samsung/common/built-in.o
LOAD common/init/built-in.o
LOAD drivers/built-in.o
LOAD dts/built-in.o
LOAD fs/built-in.o
END GROUP
LOAD arch/arm/lib/eabi_compat.o
LOAD arch/arm/lib/lib.a
OUTPUT(u-boot-spl elf32-littlearm)

.ARM.attributes
                0x00000000       0x27
 .ARM.attributes
                0x00000000       0x19 arch/arm/cpu/arm926ejs/start.o
 .ARM.attributes
                0x00000019       0x29 arch/arm/cpu/arm926ejs/built-in.o
 .ARM.attributes
                0x00000042       0x27 arch/arm/lib/built-in.o
 .ARM.attributes
                0x00000069       0x29 board/samsung/fs2416/built-in.o
 .ARM.attributes
                0x00000092       0x29 common/init/built-in.o
 .ARM.attributes
                0x000000bb       0x29 arch/arm/lib/eabi_compat.o

.debug_line     0x00000000     0x105a
 .debug_line    0x00000000       0x66 arch/arm/cpu/arm926ejs/start.o
 .debug_line    0x00000066      0x1c8 arch/arm/cpu/arm926ejs/built-in.o
 .debug_line    0x0000022e      0x8e5 arch/arm/lib/built-in.o
 .debug_line    0x00000b13      0x33a board/samsung/fs2416/built-in.o
 .debug_line    0x00000e4d      0x101 common/init/built-in.o
 .debug_line    0x00000f4e      0x10c arch/arm/lib/eabi_compat.o

.debug_info     0x00000000     0x4c79
 .debug_info    0x00000000       0x76 arch/arm/cpu/arm926ejs/start.o
 .debug_info    0x00000076      0x7ef arch/arm/cpu/arm926ejs/built-in.o
 .debug_info    0x00000865     0x2968 arch/arm/lib/built-in.o
 .debug_info    0x000031cd      0xfcc board/samsung/fs2416/built-in.o
 .debug_info    0x00004199      0x675 common/init/built-in.o
 .debug_info    0x0000480e      0x46b arch/arm/lib/eabi_compat.o

.debug_abbrev   0x00000000     0x130e
 .debug_abbrev  0x00000000       0x14 arch/arm/cpu/arm926ejs/start.o
 .debug_abbrev  0x00000014      0x259 arch/arm/cpu/arm926ejs/built-in.o
 .debug_abbrev  0x0000026d      0xa23 arch/arm/lib/built-in.o
 .debug_abbrev  0x00000c90      0x397 board/samsung/fs2416/built-in.o
 .debug_abbrev  0x00001027      0x19b common/init/built-in.o
 .debug_abbrev  0x000011c2      0x14c arch/arm/lib/eabi_compat.o

.debug_aranges  0x00000000      0x3a0
 .debug_aranges
                0x00000000       0x20 arch/arm/cpu/arm926ejs/start.o
 .debug_aranges
                0x00000020       0x60 arch/arm/cpu/arm926ejs/built-in.o
 .debug_aranges
                0x00000080      0x1f8 arch/arm/lib/built-in.o
 .debug_aranges
                0x00000278       0xb8 board/samsung/fs2416/built-in.o
 .debug_aranges
                0x00000330       0x30 common/init/built-in.o
 .debug_aranges
                0x00000360       0x40 arch/arm/lib/eabi_compat.o

.comment        0x00000000      0x222
 .comment       0x00000000       0x54 arch/arm/cpu/arm926ejs/built-in.o
 .comment       0x00000054      0x126 arch/arm/lib/built-in.o
 .comment       0x0000017a       0x54 board/samsung/fs2416/built-in.o
 .comment       0x000001ce       0x2a common/init/built-in.o
 .comment       0x000001f8       0x2a arch/arm/lib/eabi_compat.o

.debug_pubnames
                0x00000000      0x735
 .debug_pubnames
                0x00000000       0xb4 arch/arm/cpu/arm926ejs/built-in.o
 .debug_pubnames
                0x000000b4      0x46e arch/arm/lib/built-in.o
 .debug_pubnames
                0x00000522      0x12e board/samsung/fs2416/built-in.o
 .debug_pubnames
                0x00000650       0x6d common/init/built-in.o
 .debug_pubnames
                0x000006bd       0x78 arch/arm/lib/eabi_compat.o

.debug_frame    0x00000000      0x548
 .debug_frame   0x00000000       0xa0 arch/arm/cpu/arm926ejs/built-in.o
 .debug_frame   0x000000a0      0x2f8 arch/arm/lib/built-in.o
 .debug_frame   0x00000398      0x110 board/samsung/fs2416/built-in.o
 .debug_frame   0x000004a8       0x40 common/init/built-in.o
 .debug_frame   0x000004e8       0x60 arch/arm/lib/eabi_compat.o

.debug_str      0x00000000      0xdfb
 .debug_str     0x00000000      0x305 arch/arm/cpu/arm926ejs/built-in.o
                                0x5ff (size before relaxing)
 .debug_str     0x00000305      0x636 arch/arm/lib/built-in.o
                               0x1960 (size before relaxing)
 .debug_str     0x0000093b      0x3df board/samsung/fs2416/built-in.o
                                0x82b (size before relaxing)
 .debug_str     0x00000d1a       0x68 common/init/built-in.o
                                0x45b (size before relaxing)
 .debug_str     0x00000d82       0x79 arch/arm/lib/eabi_compat.o
                                0x32d (size before relaxing)

.debug_loc      0x00000000      0x655
 .debug_loc     0x00000000       0xd5 arch/arm/cpu/arm926ejs/built-in.o
 .debug_loc     0x000000d5      0x3a9 arch/arm/lib/built-in.o
 .debug_loc     0x0000047e      0x103 board/samsung/fs2416/built-in.o
 .debug_loc     0x00000581       0x44 common/init/built-in.o
 .debug_loc     0x000005c5       0x90 arch/arm/lib/eabi_compat.o

.debug_ranges   0x00000000      0x2d8
 .debug_ranges  0x00000000       0x50 arch/arm/cpu/arm926ejs/built-in.o
 .debug_ranges  0x00000050      0x188 arch/arm/lib/built-in.o
 .debug_ranges  0x000001d8       0xa0 board/samsung/fs2416/built-in.o
 .debug_ranges  0x00000278       0x28 common/init/built-in.o
 .debug_ranges  0x000002a0       0x38 arch/arm/lib/eabi_compat.o

.note.GNU-stack
                0x00000000        0x0
 .note.GNU-stack
                0x00000000        0x0 arch/arm/cpu/arm926ejs/built-in.o
 .note.GNU-stack
                0x00000000        0x0 arch/arm/lib/built-in.o
 .note.GNU-stack
                0x00000000        0x0 board/samsung/fs2416/built-in.o
 .note.GNU-stack
                0x00000000        0x0 common/init/built-in.o
 .note.GNU-stack
                0x00000000        0x0 arch/arm/lib/eabi_compat.o
